*** EVALUATION ***
PROGRAM "C:\E84\bin\E84.abs"

*********************************************************************************************
TARGET SECTION
---------------------------------------------------------------------------------------------
Processor   : Freescale HC12
Memory Model: SMALL
File Format : ELF\DWARF 2.0
Linker      : SmartLinker V-5.0.52 Build 15249, Sep  7 2015

*********************************************************************************************
FILE SECTION
---------------------------------------------------------------------------------------------
tg4Declarations.asm.o                   Model: SMALL,         Lang: Assembler,     Compiler Version: Assembler for HC12 V-5.0.32 Build 15249, Sep  7 2015
tg4Interrupts.asm.o                     Model: SMALL,         Lang: Assembler,     Compiler Version: Assembler for HC12 V-5.0.32 Build 15249, Sep  7 2015
tg4Main.asm.o                           Model: SMALL,         Lang: Assembler,     Compiler Version: Assembler for HC12 V-5.0.32 Build 15249, Sep  7 2015
tg4Globals.asm.o                        Model: SMALL,         Lang: Assembler,     Compiler Version: Assembler for HC12 V-5.0.32 Build 15249, Sep  7 2015
tg4Init.asm.o                           Model: SMALL,         Lang: Assembler,     Compiler Version: Assembler for HC12 V-5.0.32 Build 15249, Sep  7 2015
tg4Reset.asm.o                          Model: SMALL,         Lang: Assembler,     Compiler Version: Assembler for HC12 V-5.0.32 Build 15249, Sep  7 2015
s12ga_FTMRC.asm.o                       Model: SMALL,         Lang: Assembler,     Compiler Version: Assembler for HC12 V-5.0.32 Build 15249, Sep  7 2015
s12ga_CRC.asm.o                         Model: SMALL,         Lang: Assembler,     Compiler Version: Assembler for HC12 V-5.0.32 Build 15249, Sep  7 2015
s12ga_Arithmetics.asm.o                 Model: SMALL,         Lang: Assembler,     Compiler Version: Assembler for HC12 V-5.0.32 Build 15249, Sep  7 2015
tg4Communicate.asm.o                    Model: SMALL,         Lang: Assembler,     Compiler Version: Assembler for HC12 V-5.0.32 Build 15249, Sep  7 2015
s12ga_DS1722.asm.o                      Model: SMALL,         Lang: Assembler,     Compiler Version: Assembler for HC12 V-5.0.32 Build 15249, Sep  7 2015
s12ga_MSCAN.asm.o                       Model: SMALL,         Lang: Assembler,     Compiler Version: Assembler for HC12 V-5.0.32 Build 15249, Sep  7 2015
tg4LIN.asm.o                            Model: SMALL,         Lang: Assembler,     Compiler Version: Assembler for HC12 V-5.0.32 Build 15249, Sep  7 2015
tg4Scale.asm.o                          Model: SMALL,         Lang: Assembler,     Compiler Version: Assembler for HC12 V-5.0.32 Build 15249, Sep  7 2015
tg4Input.asm.o                          Model: SMALL,         Lang: Assembler,     Compiler Version: Assembler for HC12 V-5.0.32 Build 15249, Sep  7 2015
tg4Output.asm.o                         Model: SMALL,         Lang: Assembler,     Compiler Version: Assembler for HC12 V-5.0.32 Build 15249, Sep  7 2015
s12ga_COMLINE.asm.o                     Model: SMALL,         Lang: Assembler,     Compiler Version: Assembler for HC12 V-5.0.32 Build 15249, Sep  7 2015
s12ga_Uart_1.asm.o                      Model: SMALL,         Lang: Assembler,     Compiler Version: Assembler for HC12 V-5.0.32 Build 15249, Sep  7 2015
s12ga_Mean16.asm.o                      Model: SMALL,         Lang: Assembler,     Compiler Version: Assembler for HC12 V-5.0.32 Build 15249, Sep  7 2015
s12ga_MPL115A1.asm.o                    Model: SMALL,         Lang: Assembler,     Compiler Version: Assembler for HC12 V-5.0.32 Build 15249, Sep  7 2015
s12ga_MC33879.asm.o                     Model: SMALL,         Lang: Assembler,     Compiler Version: Assembler for HC12 V-5.0.32 Build 15249, Sep  7 2015
s12ga_74153.asm.o                       Model: SMALL,         Lang: Assembler,     Compiler Version: Assembler for HC12 V-5.0.32 Build 15249, Sep  7 2015
s12ga_LINMaster.asm.o                   Model: SMALL,         Lang: Assembler,     Compiler Version: Assembler for HC12 V-5.0.32 Build 15249, Sep  7 2015

*********************************************************************************************
STARTUP SECTION
---------------------------------------------------------------------------------------------
Entry point: 0x4006 (SYS_START)

*********************************************************************************************
SECTION-ALLOCATION SECTION
Section Name                    Size  Type     From       To       Segment
---------------------------------------------------------------------------------------------
.init                             74     R     0x4006     0x404F   FLASH_CODE_4000
.text                           9411     R     0x4050     0x6512   FLASH_CODE_4000
.text_C000                       918     R     0xC000     0xC395   FLASH_CODE_C000
.rodata                          202     R     0xF000     0xF0C9   FLASH_DATA
.data                            664   R/W     0x2820     0x2AB7   RAM_DATA
.locals                          356   R/W     0x3000     0x3163   LOCAL_DATA
.regs                             32   R/W     0x2800     0x281F   REGISTERS
.bss                             128   R/W      0x400      0x47F   EEPROM_DATA
.roData                          692     R     0xF0CA     0xF37D   FLASH_DATA
.vectSeg0_vect                   128     R     0xFF80     0xFFFF   .vectSeg0

Summary of section sizes per section type:
READ_ONLY (R):        2CA1 (dec:    11425)
READ_WRITE (R/W):      49C (dec:     1180)

*********************************************************************************************
VECTOR-ALLOCATION SECTION
    Address     InitValue   InitFunction
---------------------------------------------------------------------------------------------
     0xFF80        0x4065   NO_INT
     0xFF82        0x4065   NO_INT
     0xFF84        0x4065   NO_INT
     0xFF86        0x4065   NO_INT
     0xFF88        0x4065   NO_INT
     0xFF8A        0x4065   NO_INT
     0xFF8C        0x4065   NO_INT
     0xFF8E        0x4065   NO_INT
     0xFF90        0x4065   NO_INT
     0xFF92        0x4065   NO_INT
     0xFF94        0x4065   NO_INT
     0xFF96        0x4065   NO_INT
     0xFF98        0x4065   NO_INT
     0xFF9A        0x4065   NO_INT
     0xFF9C        0x4065   NO_INT
     0xFF9E        0x4065   NO_INT
     0xFFA0        0x4065   NO_INT
     0xFFA2        0x4065   NO_INT
     0xFFA4        0x4065   NO_INT
     0xFFA6        0x4065   NO_INT
     0xFFA8        0x4065   NO_INT
     0xFFAA        0x4065   NO_INT
     0xFFAC        0x4065   NO_INT
     0xFFAE        0x4065   NO_INT
     0xFFB0        0x52AD   CAN0_TX_INT
     0xFFB2        0x5341   CAN0_RX_INT
     0xFFB4        0x4065   NO_INT
     0xFFB6        0x4065   NO_INT
     0xFFB8        0x4065   NO_INT
     0xFFBA        0x4065   NO_INT
     0xFFBC        0x4065   NO_INT
     0xFFBE        0x4065   NO_INT
     0xFFC0        0x4065   NO_INT
     0xFFC2        0x4065   NO_INT
     0xFFC4        0x4065   NO_INT
     0xFFC6        0x4065   NO_INT
     0xFFC8        0x4065   NO_INT
     0xFFCA        0x4065   NO_INT
     0xFFCC        0x4065   NO_INT
     0xFFCE        0x4065   NO_INT
     0xFFD0        0x4065   NO_INT
     0xFFD2        0x4065   NO_INT
     0xFFD4        0x4065   NO_INT
     0xFFD6        0x6255   LIN_INT
     0xFFD8        0x4065   NO_INT
     0xFFDA        0x4065   NO_INT
     0xFFDC        0x4065   NO_INT
     0xFFDE        0x4065   NO_INT
     0xFFE0        0x40B0   TICKER_INT
     0xFFE2        0x4065   NO_INT
     0xFFE4        0x4065   NO_INT
     0xFFE6        0x4065   NO_INT
     0xFFE8        0x4065   NO_INT
     0xFFEA        0x4065   NO_INT
     0xFFEC        0x4065   NO_INT
     0xFFEE        0x4065   NO_INT
     0xFFF0        0x4065   NO_INT
     0xFFF2        0x4065   NO_INT
     0xFFF4        0x4065   NO_INT
     0xFFF6        0x4050   NO_CODE_TRAP
     0xFFF8        0x4050   NO_CODE_TRAP
     0xFFFA        0x4062   RESET_INT
     0xFFFC        0x4062   RESET_INT
     0xFFFE        0x4062   RESET_INT

*********************************************************************************************
OBJECT-ALLOCATION SECTION
     Name               Module                 Addr   hSize   dSize     Ref    Section   RLIB
---------------------------------------------------------------------------------------------
MODULE:                 -- tg4Declarations.asm.o --
- PROCEDURES:
- VARIABLES:
     SW_IDENT                                  F000      10      16       0   .rodata     
     VAR00001                                  F010      10      16       0   .rodata     
     VAR00002                                  F020      10      16       0   .rodata     
     VAR00003                                  F030      10      16       0   .rodata     
     VAR00004                                  F040      10      16       0   .rodata     
     SW_VERSION                                F050      10      16       0   .rodata     
     VAR00005                                  F060      10      16       0   .rodata     
     PARAM_ADDR                                F070       2       2       0   .rodata     
     PARAM_SIZE                                F072       2       2       0   .rodata     
     RESULT_ADDR                               F074       2       2       0   .rodata     
     RESULT_SIZE                               F076       2       2       0   .rodata     
     VAR00006                                  F078       1       1       0   .rodata     
     CONFIG_TBL                                F078       0       0       2   .rodata     
     VAR00007                                  F079       1       1       0   .rodata     
     VAR00008                                  F07A       1       1       0   .rodata     
     VAR00009                                  F07B       1       1       0   .rodata     
     VAR00010                                  F07C       1       1       0   .rodata     
     VAR00011                                  F07D       1       1       0   .rodata     
     VAR00012                                  F07E       2       2       0   .rodata     
     VAR00013                                  F080       4       4       0   .rodata     
     VAR00014                                  F084       4       4       0   .rodata     
     VAR00015                                  F088       1       1       0   .rodata     
     VAR00016                                  F089       1       1       0   .rodata     
     VAR00017                                  F08A       1       1       0   .rodata     
     VAR00018                                  F08B       1       1       0   .rodata     
     VAR00019                                  F08C       2       2       0   .rodata     
     VAR00020                                  F08E       2       2       0   .rodata     
     VAR00021                                  F090       2       2       0   .rodata     
     VAR00022                                  F092       2       2       0   .rodata     
     VAR00023                                  F094       2       2       0   .rodata     
     VAR00024                                  F096       2       2       0   .rodata     
     VAR00025                                  F098       2       2       0   .rodata     
     VAR00026                                  F09A       2       2       0   .rodata     
     VAR00027                                  F09C       1       1       0   .rodata     
     VAR00028                                  F09D       1       1       0   .rodata     
     VAR00029                                  F09E       5       5       0   .rodata     
     VAR00030                                  F0A3       1       1       0   .rodata     
     VAR00031                                  F0A4       1       1       0   .rodata     
     VAR00032                                  F0A5       1       1       0   .rodata     
     VAR00033                                  F0A6       4       4       0   .rodata     
     VAR00034                                  F0AA       2       2       0   .rodata     
     LIN_IDENTIFIER_TBL                        F0AA       0       0       4   .rodata     
     VAR00035                                  F0AC       2       2       0   .rodata     
     VAR00036                                  F0AE       2       2       0   .rodata     
     VAR00037                                  F0B0       2       2       0   .rodata     
     VAR00038                                  F0B2       2       2       0   .rodata     
     MSG_IDENTIFIER_TBL                        F0B2       0       0       6   .rodata     
     VAR00039                                  F0B4       2       2       0   .rodata     
     VAR00040                                  F0B6       2       2       0   .rodata     
     VAR00041                                  F0B8       2       2       0   .rodata     
     VAR00042                                  F0BA       2       2       0   .rodata     
     MSG_CTR_TBL                               F0BA       0       0       6   .rodata     
     VAR00043                                  F0BC       2       2       0   .rodata     
     VAR00044                                  F0BE       2       2       0   .rodata     
     VAR00045                                  F0C0       2       2       0   .rodata     
     VAR00046                                  F0C2       2       2       0   .rodata     
     MSG_RX_TBL                                F0C2       0       0       1   .rodata     
     VAR00047                                  F0C4       2       2       0   .rodata     
     VAR00048                                  F0C6       2       2       0   .rodata     
     VAR00049                                  F0C8       2       2       0   .rodata     
     BOARD_ID                                   400       4       4       1   .bss        
     HW_IDENT                                   400       0       0       1   .bss        
     VAR00050                                   404       4       4       0   .bss        
     E_CRC_KEY                                  404       0       0       3   .bss        
     VAR00051                                   408       2       2       0   .bss        
     E_CRC_CODE                                 408       0       0       2   .bss        
     VAR00052                                   40A       1       1       1   .bss        
     E_CONFIG_TBL                               40A       0       0       6   .bss        
     E_FUN_MODE                                 40A       0       0       4   .bss        
     VAR00053                                   40B       1       1       0   .bss        
     E_CAN_MASK                                 40B       0       0       4   .bss        
     VAR00054                                   40C       1       1       0   .bss        
     E_TIRE_TEMPERATURE                         40C       0       0       2   .bss        
     VAR00055                                   40D       1       1       0   .bss        
     E_TIRE_PRESSURE                            40D       0       0       2   .bss        
     VAR00056                                   40E       1       1       0   .bss        
     E_DROP_PRESSURE                            40E       0       0       1   .bss        
     VAR00057                                   40F       1       1       0   .bss        
     E_DROP_REF                                 40F       0       0       1   .bss        
     VAR00058                                   410       2       2       0   .bss        
     E_TIRE_XP_REF                              410       0       0       1   .bss        
     VAR00059                                   412       8       8       0   .bss        
     VAR00060                                   41A      14      20       0   .bss        
     E_CAN0_CONFIG_TBL                          41A       0       0       3   .bss        
     VAR00061                                   42E       7       7       0   .bss        
     E_ANALOG_COEFF_TBL                         42E       0       0       1   .bss        
     VAR00062                                   435       7       7       0   .bss        
     E_SENSORS_COEFF_TBL                        435       0       0       1   .bss        
     VAR00063                                   43C      42      66       0   .bss        
     VAR00064                                   47E       2       2       0   .bss        
     E_CONFIG_CRC                               47E       0       0       4   .bss        
     REGS                                      2800      20      32       0   .regs       
     BOR                                       2800       0       0       1   .regs       
     BOV                                       2820       0       0       1   .data       
     ANALOG_FLAGS                              2820       1       1       1   .data       
     ANALOG_BUF                                2822       0       0       2   .data       
     AB_V_BATTERY                              2822       2       2       0   .data       
     AB_V_WARNLAMP                             2824       2       2       0   .data       
     VAR00065                                  2826       2       2       0   .data       
     VAR00066                                  2828       2       2       0   .data       
     VAR00067                                  282A       2       2       0   .data       
     VAR00068                                  282C       2       2       0   .data       
     VAR00069                                  282E       2       2       0   .data       
     SENSORS_BUF                               2830       0       0       1   .data       
     SB_T_UNIT                                 2830       2       2       1   .data       
     SB_P_AMBIENT                              2832       2       2       1   .data       
     SB_T_AMBIENT                              2834       2       2       1   .data       
     VAR00070                                  2836       2       2       0   .data       
     VAR00071                                  2838       2       2       0   .data       
     VAR00072                                  283A       2       2       0   .data       
     VAR00073                                  283C       2       2       0   .data       
     ANALOG_RESULT_BUF                         283E       0       0       1   .data       
     V_BATTERY                                 283E       2       2       1   .data       
     V_WARNLAMP                                2840       2       2       0   .data       
     VAR00074                                  2842       2       2       0   .data       
     VAR00075                                  2844       2       2       0   .data       
     VAR00076                                  2846       2       2       0   .data       
     VAR00077                                  2848       2       2       0   .data       
     VAR00078                                  284A       2       2       0   .data       
     SENSORS_RESULT_BUF                        284C       0       0       1   .data       
     T_UNIT                                    284C       2       2       0   .data       
     P_AMBIENT                                 284E       2       2       2   .data       
     T_AMBIENT                                 2850       2       2       0   .data       
     VAR00079                                  2852       2       2       0   .data       
     VAR00080                                  2854       2       2       0   .data       
     VAR00081                                  2856       2       2       0   .data       
     VAR00082                                  2858       2       2       0   .data       
     P_TPMS                                    285A       1       1       2   .data       
     VAR00083                                  285B       1       1       0   .data       
     XP                                        285C       2       2       2   .data       
     ALARM                                     285E       1       1       4   .data       
     DROP_ALARM                                285F       1       1       4   .data       
     LIN_ADC_ADDR                              2860       2       2       1   .data       
     VAR00084                                  2862       2       2       0   .data       
     VAR00085                                  2864       2       2       0   .data       
     VAR00086                                  2866       2       2       0   .data       
     MSG_RX_BUF_FL                             2868      18      24       1   .data       
     MSG_RX_REC                                2868       0       0       5   .data       
     MSG_RX_BUF_FR                             2880      18      24       1   .data       
     MSG_RX_BUF_RL                             2898      18      24       1   .data       
     MSG_RX_BUF_RR                             28B0      18      24       1   .data       
     LIN_IDENTIFIER_REC                        28C8       0       0       0   .data       
     LIN_ID_FL                                 28C8       4       4       1   .data       
     LIN_ID_FR                                 28CC       4       4       1   .data       
     LIN_ID_RL                                 28D0       4       4       1   .data       
     LIN_ID_RR                                 28D4       4       4       1   .data       
     MSG_CTR_REC                               28D8       0       0       0   .data       
     MSG_CTR_FL                                28D8       1       1       1   .data       
     MSG_CTR_FR                                28D9       1       1       1   .data       
     MSG_CTR_RL                                28DA       1       1       1   .data       
     MSG_CTR_RR                                28DB       1       1       1   .data       
     MSG_IDENTIFIER_REC                        28DC       0       0       0   .data       
     MSG_ID_FL                                 28DC       4       4       1   .data       
     MSG_ID_FR                                 28E0       4       4       1   .data       
     MSG_ID_RL                                 28E4       4       4       1   .data       
     MSG_ID_RR                                 28E8       4       4       1   .data       
     MSG_S1_BUF_FL                             28EC      18      24       0   .data       
     MSG_S1_REC                                28EC       0       0       2   .data       
     MSG_S1_BUF_FR                             2904      18      24       0   .data       
     MSG_S1_BUF_RL                             291C      18      24       0   .data       
     MSG_S1_BUF_RR                             2934      18      24       0   .data       
     LAST_RX_POS                               294C       1       1       1   .data       
     LIN_RX_CTR                                294E       2       2       3   .data       
     DIAG_BUF                                  2950       8       8       8   .data       
     ANALOG_S1_BUF                             2958      15      21       1   .data       
     MEAN_S1_BUF                               2958       0       0       1   .data       
     SENSORS_S1_BUF                            296D      15      21       1   .data       
     OUTPUT_FLAGS                              2982       1       1       3   .data       
     ALARM_CTR                                 2983       1       1       2   .data       
     OUTPUT_FLAGS2                             2984       1       1       4   .data       
     VAR00087                                  2985       1       1       0   .data       
     COMMUNICATE_FLAGS                         2985       0       0      11   .data       
     CAN_BUF                                   2986       0       0       1   .data       
     CAN0_MSG0_BUF                             2986       8       8       5   .data       
     CAN0_MSG1_BUF                             298E       8       8       9   .data       
     CAN0_MSG2_BUF                             2996       8       8      10   .data       
     CAN0_MSG3_BUF                             299E       8       8       0   .data       
     CAN0_RX_CTR                               29A6       2       2       3   .data       
     VAR00088                                  29A8       8       8       0   .data       
     TIRE_SENSOR_CTR_REC                       29A8       0       0       4   .data       
     CHECK_WAIT_CTR                            29B0       2       2       3   .data       
     TIRE_DAT_RFSH_CTR                         29B2       1       1       2   .data       
     TIRE_ID_RFSH_CTR                          29B3       1       1       2   .data       
     VAR00089                                  29B4       1       1       0   .data       
     CAN0_TIMEOUT_CTR                          29B4       0       0       2   .data       
     TICK_CTR                                  29B5       1       1       4   .data       
     LOOP_FLAGS                                29B6       1       1       5   .data       
     TOV                                       29B7       0       0       0   .data       
     BOS                                       29B8     100     256       1   .data       
- LABELS:
     C_POSTDIV                                    0       0       0       1   .text       
     _BLINKING                                    1       0       0       1   .text       
     _LOW_XP_TRIG                                 1       0       0       3   .text       
     _USE_NOVALUE                                 2       0       0       2   .text       
     _ADC_ERROR                                   2       0       0       1   .text       
     _LOW_XP_FLAG                                 2       0       0       5   .text       
     C_SYNR                                       2       0       0       1   .text       
     _IDENTIFIERS                                 4       0       0       1   .text       
     oIDENTIFIER                                  4       0       0       5   .text       
     HW_IDENT_CT                                  4       0       0       0   .text       
     C_ATD_PRSC                                   5       0       0       1   .text       
     ANALOG_CT                                    7       0       0       2   .text       
     SENSORS_CT                                   7       0       0       1   .text       
     _LOOP_OV                                     8       0       0       1   .text       
     oPRESSURE                                    8       0       0       3   .text       
     oTEMPERATURE                                 9       0       0       2   .text       
     ALARM_CT                                     A       0       0       2   .text       
     TIRE_DAT_RFSH_CT                             A       0       0       1   .text       
     oSTATUS                                      B       0       0       2   .text       
     _VALUES                                     10       0       0       1   .text       
     _CAN_RFSH_TRIG                              10       0       0       3   .text       
     _LOOP_OV_CLEAR                              10       0       0       0   .text       
     TICK_CT                                     14       0       0       3   .text       
     C_FDIV                                      17       0       0       1   .text       
     C_PTPSR                                     17       0       0       2   .text       
     _STATUS                                     20       0       0       1   .text       
     CAN_BUF_CT                                  20       0       0       1   .text       
     SW_VERSION_CT                               20       0       0       0   .text       
     REGS_SIZE_CT                                20       0       0       1   .text       
     MEAN_S1_BUF_CT                              2A       0       0       1   .text       
     CONFIG_TBL_CT                               32       0       0       6   .text       
     _DIAGNOSIS                                  40       0       0       1   .text       
     TIRE_ID_RFSH_CT                             64       0       0       1   .text       
     SW_IDENT_CT                                 70       0       0       0   .text       
     _CAN_CLOSED                                 80       0       0       1   .text       
     _LOOP_TIMEOUT                               80       0       0       4   .text       
     _ALARM_TOGGLE                               80       0       0       2   .text       
     BAUDRATE_REL                                9C       0       0       1   .text       
     BD_9600_REL                                 9C       0       0       1   .text       
     C_REFDIV                                    C1       0       0       1   .text       
     STACK_SIZE_CT                              100       0       0       1   .text       
     RX_TIMEOUT_CT                              12C       0       0       2   .text       
     TX_TIMEOUT_CT                              12C       0       0       2   .text       
     VAR_SIZE_CT                                197       0       0       1   .text       
     TICK_REL                                   1F4       0       0       2   .text       
     B_EEPROM                                   400       0       0       1   .text       
     CAN0_RX_CT                                 BB8       0       0       1   .text       
     TIRE_SENSOR_CT                             BB8       0       0       1   .text       
     LIN_RX_CT                                  BB8       0       0       1   .text       
     T_EEPROM                                  13FF       0       0       1   .text       
     B_RAM                                     1400       0       0       2   .text       
     CHECK_WAIT_CT                             1770       0       0       1   .text       
     DATA_SIZE                                 2C00       0       0       1   .text       
     T_RAM                                     3FFF       0       0       1   .text       
     B_FLASH                                   4000       0       0       2   .text       
     BUS_CLK                                   5DC0       0       0      10   .text       
     bt_TIREGUARD4                             8080       0       0       2   .text       
     CODE_SIZE                                 C000       0       0       2   .text       
     DEF_NOVALUE                               FCFC       0       0       3   .text       
     T_FLASH                                   FFFF       0       0       0   .text       
MODULE:                 -- tg4Interrupts.asm.o --
- PROCEDURES:
     NO_CODE_TRAP                              4050      12      18       0   .text       
     RESET_INT                                 4062       3       3       0   .text       
     NO_INT                                    4065       1       1       0   .text       
     DISABLE_INTERRUPTS                        4066      4A      74       2   .text       
     TICKER_INT                                40B0       F      15       0   .text       
     TICKER_INT1                               40BF       6       6       0   .text       
     TICKER_INT2                               40C5      10      16       0   .text       
     VAR00001                                  40D5       7       7       0   .text       
- VARIABLES:
MODULE:                 -- tg4Main.asm.o --
- PROCEDURES:
     SYS_START                                 4006       A      10       2   .init       
     SYS_START1                                4010       D      13       0   .init       
     SYS_START2                                401D       D      13       0   .init       
     SYS_START3                                402A       B      11       0   .init       
     LOOP                                      4035      14      20       0   .init       
     VAR00001                                  4049       7       7       0   .init       
- VARIABLES:
MODULE:                 -- tg4Globals.asm.o --
- PROCEDURES:
     CLEAR_BUFFER8                             40DC       8       8       3   .text       
     CLEAR_BUFFER16                            40E4       8       8       1   .text       
     WATCHDOG_INIT                             40EC       6       6       1   .text       
     WATCHDOG_RESET                            40F2       B      11       1   .text       
     VAR00001                                  40FD       7       7       0   .text       
- VARIABLES:
MODULE:                 -- tg4Init.asm.o --
- PROCEDURES:
     INIT                                      4104      20      32       1   .text       
     VAR00001                                  4124       7       7       0   .text       
     START_LOOP                                412B      25      37       1   .text       
     START_LOOP1                               4150       5       5       0   .text       
     INIT_PORTS                                4155      92     146       1   .text       
     INIT_COMLINES                             41E7       1       1       1   .text       
     INIT_CAN                                  41E8      29      41       1   .text       
     INIT_CAN1                                 4211       E      14       0   .text       
     INIT_CAN2                                 421F       5       5       0   .text       
     INIT_CAN3                                 4224       1       1       0   .text       
     INIT_LIN                                  4225       1       1       1   .text       
     INIT_ANALOG                               4226      15      21       1   .text       
     INIT_SENSORS                              423B       1       1       1   .text       
     INIT_INT                                  423C      14      20       1   .text       
     DEADLOCK                                  4250       3       3       1   .text       
     MISC_INIT                                 4253       4       4       1   .text       
     VAR00002                                  4257       7       7       0   .text       
- VARIABLES:
MODULE:                 -- tg4Reset.asm.o --
- PROCEDURES:
     RESET                                     425E      38      56       1   .text       
     VAR00001                                  4296       7       7       0   .text       
     RESET1                                    429D       2       2       0   .text       
     VAR00002                                  429F       7       7       0   .text       
     CRC_KEY                                   42A6       4       4       3   .text       
     CHK_CODE_MEM                              42AA      10      16       1   .text       
     CHK_CODE_MEM1                             42BA      2C      44       0   .text       
     CHK_CODE_MEM2                             42E6      16      22       0   .text       
     CHK_DATA_MEM                              42FC       6       6       1   .text       
     CHK_DATA_MEM1                             4302      20      32       0   .text       
     CHK_DATA_MEM8                             4322       2       2       0   .text       
     CHK_DATA_MEM9                             4324       1       1       0   .text       
     CHK_CPU                                   4325      3E      62       1   .text       
     CHK_CPU8                                  4363       2       2       0   .text       
     CHK_CPU9                                  4365       1       1       0   .text       
     RESET_CLOCK                               4366      1E      30       1   .text       
     RESET_CLOCK1                              4384      23      35       0   .text       
     RESET_PORTS                               43A7      BA     186       1   .text       
     RESET_FLASH                               4461       4       4       1   .text       
     RESET_CAN                                 4465      15      21       1   .text       
     RESET_CAN1                                447A       6       6       0   .text       
     RESET_LIN                                 4480       4       4       1   .text       
     RESET_COMLINES                            4484       4       4       1   .text       
     RESET_SENSORS                             4488      12      18       1   .text       
     RESET_POWER                               449A      16      22       1   .text       
     RESET_MUX                                 44B0       4       4       1   .text       
     RESET_PARAMS                              44B4      29      41       1   .text       
     RESET_PARAMS11                            44DD       D      13       0   .text       
     RESET_PARAMS12                            44EA      1B      27       0   .text       
     RESET_PARAMS2                             4505      17      23       0   .text       
     RESET_PARAMS3                             451C       4       4       0   .text       
     RESET_INTERRUPTS                          4520       4       4       1   .text       
     PREPARE_SYSTEM                            4524       8       8       1   .text       
     PREPARE_SYSTEM1                           452C      1B      27       0   .text       
     VAR00003                                  4547       7       7       0   .text       
- VARIABLES:
MODULE:                 -- s12ga_FTMRC.asm.o --
- PROCEDURES:
     PROGRAM_SECTOR                            454E      10      16       1   .text       
     PROGRAM_SECTOR1                           455E       B      11       0   .text       
     PROGRAM_SECTOR2                           4569       9       9       0   .text       
     PROGRAM_SECTOR21                          4572       6       6       0   .text       
     PROGRAM_SECTOR22                          4578       9       9       0   .text       
     PROGRAM_SECTOR3                           4581      20      32       0   .text       
     PROGRAM_SECTOR4                           45A1      11      17       0   .text       
     PROGRAM_SECTOR41                          45B2      27      39       0   .text       
     PROGRAM_SECTOR42                          45D9       E      14       0   .text       
     PROGRAM_SECTOR9                           45E7       7       7       0   .text       
     SUBMIT_COMMAND                            45EE      11      17       0   .text       
     SUBMIT_COMMAND1                           45FF       D      13       0   .text       
     SUBMIT_COMMAND11                          460C       D      13       0   .text       
     SUBMIT_COMMAND12                          4619       D      13       0   .text       
     SUBMIT_COMMAND13                          4626       E      14       0   .text       
     SUBMIT_COMMAND2                           4634       9       9       0   .text       
     SUBMIT_COMMAND8                           463D       1       1       0   .text       
     SUBMIT_COMMAND9                           463E       1       1       0   .text       
     FTMRC_RESET                               463F       9       9       2   .text       
     FTMRC_RESET1                              4648       B      11       0   .text       
     FTMRC_WRITE8                              4653       F      15       1   .text       
     FTMRC_WRITE16                             4662       F      15       5   .text       
     FTMRC_COPY                                4671      14      20       5   .text       
     FTMRC_COPY1                               4685      11      17       0   .text       
     FTMRC_COPY2                               4696      1D      29       0   .text       
     FTMRC_COPY3                               46B3      12      18       0   .text       
     FTMRC_COPY4                               46C5      16      22       0   .text       
     FTMRC_COPY5                               46DB      36      54       0   .text       
     FTMRC_COPY6                               4711       5       5       0   .text       
     FTMRC_COPY7                               4716       1       1       0   .text       
     FTMRC_COPY9                               4717       1       1       0   .text       
     FTMRC_FLASH                               4718      1C      28       9   .text       
     FTMRC_FLASH1                              4734       4       4       0   .text       
     FTMRC_FLASH2                              4738       C      12       0   .text       
     FTMRC_FLASH3                              4744       4       4       0   .text       
     FTMRC_FLASH8                              4748       4       4       0   .text       
     FTMRC_FLASH9                              474C       1       1       0   .text       
     VAR00003                                  474D       7       7       0   .text       
- VARIABLES:
     FTMRC_FLAGS                               3000       1       1      11   .locals     
     VAR00001                                  3001       2       2       3   .locals     
     VAR00002                                  3003       4       4       4   .locals     
- LABELS:
     E_FTMRC_INVALID_ACCESS                  FFFFFD       0       0       0   .text       
     E_FTMRC_TIMEOUT                         FFFFFE       0       0       0   .text       
     E_FTMRC_BUSY                            FFFFFF       0       0       0   .text       
MODULE:                 -- s12ga_CRC.asm.o --
- PROCEDURES:
     SWAP_A                                    4754       B      11       6   .text       
     ROR_A                                     475F       8       8       1   .text       
     PARITY_A                                  4767      21      33       1   .text       
     CRC8_DOW                                  4788       A      10       2   .text       
     CRC8_DOW1                                 4792       6       6       0   .text       
     CRC8_DOW2                                 4798       6       6       0   .text       
     CRC8_DOW3                                 479E       6       6       0   .text       
     CRC8_DOW4                                 47A4       6       6       0   .text       
     CRC8_DOW5                                 47AA       6       6       0   .text       
     CRC8_DOW6                                 47B0       6       6       0   .text       
     CRC8_DOW7                                 47B6       6       6       0   .text       
     CRC8_DOW8                                 47BC       4       4       0   .text       
     CRC16_CCITT_FALSE                         47C0      43      67       3   .text       
     CRC16_KERMIT                              4803      40      64       3   .text       
     CRC16_MAXIM                               4843      1C      28       3   .text       
     CRC16_MAXIM0                              485F      11      17       0   .text       
     CRC16_MAXIM1                              4870      17      23       0   .text       
     CRC16_MAXIM2                              4887       1       1       0   .text       
     CRC16_XMODEM                              4888      43      67       3   .text       
     CRC16_X25                                 48CB      39      57       3   .text       
     CLEAR_0x00                                4904       0       0       1   .text       
     CLEAR_DOW                                 4904       6       6       0   .text       
     CLEAR_0x0000                              490A       0       0       3   .text       
     CLEAR_KERMIT                              490A       7       7       0   .text       
     CLEAR_MAXIM                               490A       0       0       0   .text       
     CLEAR_XMODEM                              490A       0       0       0   .text       
     CLEAR_0xFFFF                              4911       0       0       2   .text       
     CLEAR_CCITT_FALSE                         4911       7       7       0   .text       
     CLEAR_X25                                 4911       0       0       0   .text       
     CREATE_DOW                                4918       3       3       0   .text       
     CREATE_DOW1                               491B      11      17       0   .text       
     VERIFY_DOW                                492C       D      13       0   .text       
     VERIFY_DOW9                               4939       1       1       0   .text       
     CREATE_CCITT_FALSE                        493A       3       3       0   .text       
     CREATE_CCITT_FALSE1                       493D      17      23       0   .text       
     VERIFY_CCITT_FALSE                        4954      15      21       0   .text       
     VERIFY_CCITT_FALSE8                       4969       1       1       0   .text       
     VERIFY_CCITT_FALSE9                       496A       1       1       0   .text       
     CREATE_KERMIT                             496B       3       3       6   .text       
     CREATE_KERMIT1                            496E      17      23       0   .text       
     VERIFY_KERMIT                             4985      15      21       2   .text       
     VERIFY_KERMIT8                            499A       1       1       0   .text       
     VERIFY_KERMIT9                            499B       1       1       0   .text       
     CREATE_MAXIM                              499C       3       3       0   .text       
     CREATE_MAXIM1                             499F      1B      27       0   .text       
     VERIFY_MAXIM                              49BA      18      24       0   .text       
     VERIFY_MAXIM8                             49D2       1       1       0   .text       
     VERIFY_MAXIM9                             49D3       1       1       0   .text       
     CREATE_XMODEM                             49D4       3       3       0   .text       
     CREATE_XMODEM1                            49D7      17      23       0   .text       
     VERIFY_XMODEM                             49EE      15      21       0   .text       
     VERIFY_XMODEM8                            4A03       1       1       0   .text       
     VERIFY_XMODEM9                            4A04       1       1       0   .text       
     CREATE_X25                                4A05       3       3       0   .text       
     CREATE_X25_1                              4A08      1B      27       0   .text       
     VERIFY_X25                                4A23      18      24       0   .text       
     VERIFY_X25_8                              4A3B       1       1       0   .text       
     VERIFY_X25_9                              4A3C       1       1       0   .text       
- VARIABLES:
MODULE:                 -- s12ga_Arithmetics.asm.o --
- PROCEDURES:
     MUL3216U                                  4A3D      30      48       1   .text       
     MUL3216S                                  4A6D      30      48       6   .text       
     MUL3216S1                                 4A9D      17      23       0   .text       
     MUL3216S2                                 4AB4      47      71       0   .text       
     MUL3216S3                                 4AFB       5       5       0   .text       
     DIV3216U                                  4B00       A      10       1   .text       
     DIV3216U1                                 4B0A      18      24       0   .text       
     DIV3216U2                                 4B22       E      14       0   .text       
     DIV3216U8                                 4B30       5       5       1   .text       
     DIV3216U9                                 4B35       1       1       1   .text       
     DIV3232U                                  4B36       F      15       1   .text       
     DIV3232U1                                 4B45       6       6       0   .text       
     DIV3232U2                                 4B4B      50      80       0   .text       
     DIV3232U3                                 4B9B       3       3       0   .text       
     DIV3232U4                                 4B9E      16      22       0   .text       
     DIV3232U5                                 4BB4      3D      61       0   .text       
     DIV3232U6                                 4BF1      36      54       0   .text       
     DIV3232U7                                 4C27      18      24       1   .text       
     DIV3232U8                                 4C3F      14      20       1   .text       
     DIV3232U9                                 4C53       1       1       2   .text       
- VARIABLES:
MODULE:                 -- tg4Communicate.asm.o --
- PROCEDURES:
     COMMUNICATE                               4C54       A      10       1   .text       
     COMMUNICATE1                              4C5E       C      12       0   .text       
     VAR00001                                  4C6A       7       7       0   .text       
     GET_MCU_DATA                              4C71      20      32       1   .text       
     GET_MCU_DATA1                             4C91       C      12       0   .text       
     GET_MCU_DATA2                             4C9D       F      15       0   .text       
     GET_MCU_DATA9                             4CAC       1       1       0   .text       
     CHK_SPEED                                 4CAD      17      23       1   .text       
     CHK_SPEED1                                4CC4       6       6       0   .text       
     CHK_SPEED2                                4CCA       4       4       0   .text       
     CHK_SPEED3                                4CCE       1       1       0   .text       
     CHK_SENSORS                               4CCF       F      15       1   .text       
     CHK_SENSORS1                              4CDE       F      15       0   .text       
     CHK_SENSORS2                              4CED      10      16       0   .text       
     CHK_SENSORS3                              4CFD       B      11       0   .text       
     COMPARE_IDENTIFIER                        4D08      1F      31       4   .text       
     COMPARE_IDENTIFIER8                       4D27       2       2       0   .text       
     COMPARE_IDENTIFIER9                       4D29       1       1       0   .text       
     CONFIRM_POSITION                          4D2A      27      39       1   .text       
     CONFIRM_POSITION1                         4D51      18      24       0   .text       
     CONFIRM_POSITION8                         4D69       6       6       0   .text       
     CONFIRM_POSITION9                         4D6F       1       1       0   .text       
     ANALYSE_IDENTIFIER                        4D70      1D      29       1   .text       
     ANALYSE_IDENTIFIER8                       4D8D       1       1       0   .text       
     ANALYSE_IDENTIFIER9                       4D8E       1       1       0   .text       
     VALIDATE_IDENTIFIER                       4D8F       A      10       1   .text       
     VALIDATE_IDENTIFIER1                      4D99       D      13       0   .text       
     VALIDATE_IDENTIFIER9                      4DA6       4       4       0   .text       
     CHK_IDENTIFIER                            4DAA      33      51       1   .text       
     CHK_IDENTIFIER1                           4DDD       5       5       0   .text       
     CHK_IDENTIFIER2                           4DE2      20      32       0   .text       
     CHK_IDENTIFIER3                           4E02       7       7       0   .text       
     CHK_IDENTIFIER4                           4E09       F      15       0   .text       
     CHK_IDENTIFIER8                           4E18       2       2       0   .text       
     CHK_IDENTIFIER9                           4E1A       1       1       0   .text       
     ADJUST_TEMPERATURE                        4E1B      11      17       1   .text       
     ADJUST_TEMPERATURE8                       4E2C       3       3       0   .text       
     ADJUST_TEMPERATURE9                       4E2F       1       1       0   .text       
     ADJUST_PRESSURE                           4E30      12      18       1   .text       
     ADJUST_PRESSURE8                          4E42       3       3       0   .text       
     ADJUST_PRESSURE9                          4E45       1       1       0   .text       
     GET_TIRE_DATA                             4E46      1B      27       1   .text       
     GET_TIRE_DATA2                            4E61       F      15       0   .text       
     GET_TIRE_DATA3                            4E70      13      19       0   .text       
     GET_TIRE_DATA9                            4E83       1       1       1   .text       
     PUT_TIRE_DATA                             4E84      1B      27       2   .text       
     PUT_TIRE_DATA1                            4E9F      22      34       0   .text       
     PUT_TIRE_DATA2                            4EC1      1B      27       0   .text       
     CHK_ALARM                                 4EDC       E      14       1   .text       
     CHK_ALARM1                                4EEA      1C      28       0   .text       
     CHK_ALARM11                               4F06      18      24       0   .text       
     CHK_ALARM2                                4F1E      1C      28       0   .text       
     CHK_ALARM21                               4F3A       C      12       0   .text       
     PUT_LOW_XP_DATA                           4F46       D      13       1   .text       
     PUT_LOW_XP_DATA11                         4F53       2       2       0   .text       
     PUT_LOW_XP_DATA12                         4F55       5       5       0   .text       
     PUT_LOW_XP_DATA13                         4F5A      11      17       0   .text       
     PUT_LOW_XP_DATA21                         4F6B       2       2       0   .text       
     PUT_LOW_XP_DATA22                         4F6D       5       5       0   .text       
     PUT_LOW_XP_DATA23                         4F72       D      13       0   .text       
     CHK_PRESSURE_DROP                         4F7F       D      13       1   .text       
     CHK_PRESSURE_DROP1                        4F8C       D      13       0   .text       
     CHK_PRESSURE_DROP2                        4F99       8       8       0   .text       
     CHK_PRESSURE_DROP3                        4FA1       7       7       0   .text       
     CHK_PRESSURE_DROP4                        4FA8      27      39       0   .text       
     CHK_PRESSURE_DROP6                        4FCF       8       8       0   .text       
     CHK_PRESSURE_DROP7                        4FD7      13      19       0   .text       
     CHK_PRESSURE_DROP8                        4FEA       F      15       0   .text       
     CHK_PRESSURE_DROP9                        4FF9       1       1       0   .text       
     CHK_TIRES                                 4FFA      15      21       1   .text       
     CHK_TIRES1                                500F      1B      27       0   .text       
     CHK_TIRES2                                502A      1C      28       0   .text       
     CHK_TIRES3                                5046       5       5       0   .text       
     CHK_TIRES4                                504B       6       6       0   .text       
     CHK_TIRES5                                5051       B      11       0   .text       
     CHK_TIRES6                                505C       6       6       0   .text       
     CHK_TIRES7                                5062       6       6       2   .text       
     CHK_TIRES8                                5068       2       2       1   .text       
     CHK_TIRES9                                506A       C      12       1   .text       
     PUT_STATUS                                5076       9       9       1   .text       
     PUT_STATUS1                               507F      1F      31       0   .text       
     PUT_STATUS_1                              509E      1E      30       0   .text       
     PUT_STATUS_2                              50BC      1E      30       0   .text       
     PUT_STATUS_3                              50DA      1E      30       0   .text       
     PUT_STATUS_4                              50F8      32      50       0   .text       
     PUT_STATUS9                               512A       1       1       0   .text       
     PUT_DATA                                  512B       9       9       1   .text       
     PUT_DATA1                                 5134      18      24       0   .text       
     PUT_DATA9                                 514C       1       1       0   .text       
     PUT_IDENTIFIERS                           514D       9       9       1   .text       
     PUT_IDENTIFIERS1                          5156      88     136       0   .text       
     PUT_IDENTIFIERS9                          51DE       1       1       0   .text       
     CAN_IO                                    51DF      11      17       1   .text       
     CAN_IO2                                   51F0       E      14       0   .text       
     CAN_IO3                                   51FE       A      10       0   .text       
     COMLINE_EXECUTE                           5208       F      15       1   .text       
     VAR00002                                  5217       7       7       0   .text       
- VARIABLES:
MODULE:                 -- s12ga_DS1722.asm.o --
- PROCEDURES:
     SUBMIT_COMMAND                            521E       D      13       4   .text       
     SUBMIT_COMMAND1                           522B       9       9       0   .text       
     SUBMIT_COMMAND2                           5234       5       5       0   .text       
     SUBMIT_COMMAND3                           5239      13      19       0   .text       
     SUBMIT_COMMAND4                           524C       2       2       0   .text       
     SUBMIT_COMMAND5                           524E       A      10       0   .text       
     SDT_RESET                                 5258      25      37       1   .text       
     SDT_READ_CONFIG                           527D       B      11       1   .text       
     SDT_READ_VALUE                            5288      15      21       1   .text       
     SDT_WRITE_CONFIG                          529D       9       9       1   .text       
     VAR00001                                  52A6       7       7       0   .text       
- VARIABLES:
MODULE:                 -- s12ga_MSCAN.asm.o --
- PROCEDURES:
     CAN0_TX_INT                               52AD      15      21       0   .text       
     CAN0_TX_INT1                              52C2       C      12       0   .text       
     CAN0_TX_INT2                              52CE       A      10       0   .text       
     CAN0_TX_INT3                              52D8       8       8       0   .text       
     CAN0_TX_INT4                              52E0      38      56       0   .text       
     CAN0_TX_INT5                              5318       8       8       0   .text       
     CAN0_TX_INT6                              5320      1C      28       0   .text       
     CAN0_TX_INT9                              533C       5       5       1   .text       
     CAN0_RX_INT                               5341       D      13       0   .text       
     CAN0_RX_INT1                              534E      10      16       0   .text       
     CAN0_RX_INT2                              535E       A      10       0   .text       
     CAN0_RX_INT3                              5368      1D      29       0   .text       
     CAN0_RX_INT4                              5385       8       8       0   .text       
     CAN0_RX_INT5                              538D      13      19       0   .text       
     CAN0_RX_INT9                              53A0       A      10       1   .text       
     CAN_CONFIG                                53AA      2B      43       1   .text       
     CAN_CONFIG1a                              53D5       4       4       0   .text       
     CAN_CONFIG1b                              53D9      10      16       0   .text       
     CAN_CONFIG2a                              53E9       4       4       0   .text       
     CAN_CONFIG2b                              53ED      10      16       0   .text       
     CAN_CONFIG3a                              53FD       4       4       0   .text       
     CAN_CONFIG3b                              5401      10      16       0   .text       
     CAN_CONFIG4a                              5411       4       4       0   .text       
     CAN_CONFIG4b                              5415      10      16       0   .text       
     CAN_CONFIG5a                              5425       4       4       0   .text       
     CAN_CONFIG5b                              5429      10      16       0   .text       
     CAN_CONFIG6a                              5439       4       4       0   .text       
     CAN_CONFIG6b                              543D      10      16       0   .text       
     CAN_CONFIG7a                              544D       4       4       0   .text       
     CAN_CONFIG7b                              5451      10      16       0   .text       
     CAN_CONFIG8a                              5461       4       4       0   .text       
     CAN_CONFIG8b                              5465       7       7       0   .text       
     CAN_DESCRIPTORS                           546C      16      22       1   .text       
     CAN_DESCRIPTORS1                          5482       8       8       0   .text       
     CAN_STOP                                  548A      12      18       1   .text       
     CAN_STOP1                                 549C       8       8       0   .text       
     CAN_STOP2                                 54A4       8       8       0   .text       
     CAN_STOP3                                 54AC       1       1       0   .text       
     CAN_STOP9                                 54AD       1       1       1   .text       
     CAN_START                                 54AE      12      18       1   .text       
     CAN_START1                                54C0       C      12       0   .text       
     CAN_START2                                54CC       8       8       0   .text       
     CAN_START3                                54D4      2B      43       0   .text       
     CAN_START9                                54FF       1       1       1   .text       
     CAN_RESET                                 5500      11      17       3   .text       
     CAN_RESET1                                5511       E      14       0   .text       
     CAN_RESET9                                551F       1       1       1   .text       
     CAN_STATUS                                5520      11      17       1   .text       
     CAN_STATUS1                               5531      19      25       0   .text       
     CAN_STATUS9                               554A       1       1       1   .text       
     CAN_READ                                  554B      11      17       1   .text       
     CAN_READ1                                 555C       C      12       0   .text       
     CAN_READ2                                 5568       E      14       0   .text       
     CAN_READ3                                 5576      28      40       0   .text       
     CAN_READ4                                 559E      1C      28       0   .text       
     CAN_READ5                                 55BA      13      19       0   .text       
     CAN_READ6                                 55CD      26      38       0   .text       
     CAN_READ8                                 55F3       1       1       0   .text       
     CAN_READ9                                 55F4       1       1       4   .text       
     CAN_WRITE                                 55F5      11      17       5   .text       
     CAN_WRITE1                                5606       C      12       0   .text       
     CAN_WRITE2                                5612      2A      42       0   .text       
     CAN_WRITE3                                563C      10      16       0   .text       
     CAN_WRITE4                                564C       7       7       0   .text       
     CAN_WRITE5                                5653       8       8       0   .text       
     CAN_WRITE6                                565B      16      22       0   .text       
     CAN_WRITE8                                5671       C      12       1   .text       
     CAN_WRITE9                                567D       1       1       3   .text       
     CAN_REQUEST                               567E      11      17       0   .text       
     CAN_REQUEST1                              568F       C      12       0   .text       
     CAN_REQUEST2                              569B      28      40       0   .text       
     CAN_REQUEST3                              56C3      22      34       0   .text       
     CAN_REQUEST9                              56E5       1       1       3   .text       
     VAR00020                                  56E6       7       7       0   .text       
     VAR00021                                  56ED       2       2       7   .text       
     VAR00022                                  56EF       2       2       1   .text       
     VAR00023                                  56F1       2       2       2   .text       
     VAR00024                                  56F3       2       2       2   .text       
     VAR00025                                  56F5       2       2       2   .text       
     VAR00026                                  56F7       2       2       3   .text       
     VAR00027                                  56F9       2       2       2   .text       
     VAR00028                                  56FB       2       2       2   .text       
     VAR00029                                  56FD       2       2       0   .text       
     VAR00030                                  56FF       2       2       0   .text       
     VAR00031                                  5701       2       2       0   .text       
     VAR00032                                  5703       2       2       0   .text       
     VAR00033                                  5705       2       2       0   .text       
     VAR00034                                  5707       2       2       0   .text       
     VAR00035                                  5709       2       2       0   .text       
     VAR00036                                  570B       2       2       0   .text       
     VAR00037                                  570D       2       2       0   .text       
     VAR00038                                  570F       2       2       0   .text       
     VAR00039                                  5711       2       2       0   .text       
     VAR00040                                  5713       2       2       0   .text       
     VAR00041                                  5715       2       2       0   .text       
     VAR00042                                  5717       2       2       0   .text       
     VAR00043                                  5719       2       2       0   .text       
     VAR00044                                  571B       2       2       2   .text       
     VAR00045                                  571D       2       2       0   .text       
     VAR00046                                  571F       2       2       0   .text       
     VAR00047                                  5721       2       2       0   .text       
     VAR00048                                  5723       2       2       0   .text       
     VAR00049                                  5725       2       2       0   .text       
     VAR00050                                  5727       2       2       0   .text       
     VAR00051                                  5729       2       2       0   .text       
     VAR00052                                  572B       2       2       0   .text       
     VAR00053                                  572D       2       2       0   .text       
     VAR00054                                  572F       2       2       0   .text       
     VAR00055                                  5731       2       2       0   .text       
     VAR00056                                  5733       2       2       0   .text       
     VAR00057                                  5735       2       2       0   .text       
     VAR00058                                  5737       2       2       0   .text       
     VAR00059                                  5739       2       2       0   .text       
     VAR00060                                  573B       2       2       1   .text       
     VAR00061                                  573D       2       2       0   .text       
     VAR00062                                  573F       2       2       0   .text       
     VAR00063                                  5741       2       2       0   .text       
     VAR00064                                  5743       2       2       0   .text       
     VAR00065                                  5745       2       2       0   .text       
     VAR00066                                  5747       2       2       0   .text       
     VAR00067                                  5749       2       2       0   .text       
     VAR00068                                  574B       2       2       1   .text       
     VAR00069                                  574D       2       2       0   .text       
     VAR00070                                  574F       2       2       0   .text       
     VAR00071                                  5751       2       2       0   .text       
     VAR00072                                  5753       2       2       0   .text       
     VAR00073                                  5755       2       2       0   .text       
     VAR00074                                  5757       2       2       0   .text       
     VAR00075                                  5759       2       2       0   .text       
- VARIABLES:
     VAR00001                                  3007       1       1       9   .locals     
     VAR00002                                  3008       1       1       9   .locals     
     VAR00003                                  3009       2       2       3   .locals     
     VAR00004                                  300B       2       2       1   .locals     
     VAR00005                                  300D       2       2       1   .locals     
     VAR00006                                  300F       2       2       1   .locals     
     VAR00007                                  3011       2       2       1   .locals     
     VAR00008                                  3013       2       2       1   .locals     
     VAR00009                                  3015       2       2       1   .locals     
     VAR00010                                  3017       2       2       1   .locals     
     VAR00011                                  3019       8       8       3   .locals     
     VAR00012                                  3021       8       8       1   .locals     
     VAR00013                                  3029       8       8       1   .locals     
     VAR00014                                  3031       8       8       1   .locals     
     VAR00015                                  3039       8       8       1   .locals     
     VAR00016                                  3041       8       8       1   .locals     
     VAR00017                                  3049       8       8       1   .locals     
     VAR00018                                  3051       8       8       1   .locals     
     VAR00019                                  3059       1       1       3   .locals     
- LABELS:
     _CAN_TXOK                                    1       0       0       1   .text       
     _CAN_RXOK                                    2       0       0       1   .text       
     _CAN_TXSTAT                                  C       0       0       2   .text       
     _CAN_RXSTAT                                 30       0       0       2   .text       
     E_CAN_NO_DATA                           FFFFFB       0       0       0   .text       
     E_CAN_LENGTH                            FFFFFC       0       0       0   .text       
     E_CAN_MESSAGE                           FFFFFD       0       0       0   .text       
     E_CAN_INDEX                             FFFFFE       0       0       0   .text       
     E_CAN_TIMEOUT                           FFFFFF       0       0       0   .text       
MODULE:                 -- tg4LIN.asm.o --
- PROCEDURES:
     LIN_START                                 C000       8       8       1   .text_C000  
     LIN_START1                                C008      24      36       0   .text_C000  
     LIN_DEACTIVATE_ANTENNA                    C02C      12      18       1   .text_C000  
     LIN_DEACTIVATE_ANTENNA9                   C03E       1       1       0   .text_C000  
     FMT_RX_STATUS                             C03F      15      21       1   .text_C000  
     FMT_RX_STATUS1                            C054       E      14       0   .text_C000  
     FMT_RX_STATUS2                            C062       1       1       0   .text_C000  
     STO_RX_STATUS                             C063      29      41       1   .text_C000  
     VAR00274                                  C08C       2       2       1   .text_C000  
     VAR00275                                  C08E       2       2       0   .text_C000  
     VAR00276                                  C090       2       2       0   .text_C000  
     VAR00277                                  C092       2       2       0   .text_C000  
     RX_FL                                     C094      16      22       1   .text_C000  
     RX_FR                                     C0AA      12      18       1   .text_C000  
     RX_RL                                     C0BC      16      22       1   .text_C000  
     RX_RR                                     C0D2      12      18       1   .text_C000  
     RX_STATUS_ENTRY                           C0E4       2       2       0   .text_C000  
     STO_RX_STATUS9                            C0E6       1       1       0   .text_C000  
     BEFORE_WRITE                              C0E7      13      19       1   .text_C000  
     BEFORE_WRITE1                             C0FA      2D      45       0   .text_C000  
     BEFORE_WRITE11                            C127      18      24       0   .text_C000  
     BEFORE_WRITE12                            C13F      22      34       0   .text_C000  
     BEFORE_WRITE2                             C161       C      12       0   .text_C000  
     BEFORE_WRITE21                            C16D      21      33       0   .text_C000  
     BEFORE_WRITE9                             C18E       1       1       0   .text_C000  
     AFTER_READ                                C18F      25      37       1   .text_C000  
     AFTER_READ01                              C1B4       2       2       0   .text_C000  
     AFTER_READ1                               C1B6       6       6       0   .text_C000  
     AFTER_READ2                               C1BC      1F      31       0   .text_C000  
     AFTER_READ21                              C1DB       5       5       0   .text_C000  
     AFTER_READ22                              C1E0      12      18       0   .text_C000  
     AFTER_READ3                               C1F2       3       3       0   .text_C000  
     AFTER_READ9                               C1F5       6       6       0   .text_C000  
     NEXT_FRAME                                C1FB      15      21       1   .text_C000  
     NEXT_FRAME0                               C210      11      17       0   .text_C000  
     NEXT_FRAME1                               C221      3B      59       0   .text_C000  
     NEXT_FRAME1a                              C25C      1F      31       0   .text_C000  
     NEXT_FRAME1b                              C27B      10      16       0   .text_C000  
     NEXT_FRAME2                               C28B       4       4       0   .text_C000  
     NEXT_FRAME3                               C28F      1F      31       0   .text_C000  
     NEXT_FRAME4                               C2AE       5       5       0   .text_C000  
     NEXT_FRAME5                               C2B3      14      20       0   .text_C000  
     NEXT_FRAME6                               C2C7      17      23       0   .text_C000  
     NEXT_FRAME8                               C2DE       3       3       0   .text_C000  
     NEXT_FRAME9                               C2E1       1       1       0   .text_C000  
     LIN_RUN                                   C2E2      14      20       1   .text_C000  
     LIN_RUN0                                  C2F6       A      10       0   .text_C000  
     LIN_RUN0a                                 C300       E      14       0   .text_C000  
     LIN_RUN0b                                 C30E      11      17       0   .text_C000  
     LIN_RUN0c                                 C31F       4       4       0   .text_C000  
     LIN_RUN1                                  C323      19      25       0   .text_C000  
     LIN_RUN1a                                 C33C      20      32       0   .text_C000  
     LIN_RUN1z                                 C35C       D      13       0   .text_C000  
     LIN_RUN2                                  C369      17      23       0   .text_C000  
     LIN_RUN3                                  C380       B      11       0   .text_C000  
     LIN_RUN4                                  C38B       3       3       0   .text_C000  
     LIN_RUN9                                  C38E       1       1       1   .text_C000  
     VAR00278                                  C38F       7       7       0   .text_C000  
- VARIABLES:
[...]
VAR00064                  USES VAR00007 
VAR00065                  USES VAR00008 
VAR00066                  USES VAR00009 
VAR00067                  USES VAR00010 
VAR00068                  USES VAR00011 
VAR00069                  USES VAR00012 
VAR00070                  USES VAR00013 
VAR00071                  USES VAR00014 
VAR00072                  USES VAR00015 
VAR00073                  USES VAR00016 
VAR00074                  USES VAR00017 
VAR00075                  USES VAR00018 
SCALE                     USES SCALE_ANALOG SCALE_SENSORS SCALE_P_TPMS 
SCALE_ANALOG              USES ANALOG_BUF ANALOG_RESULT_BUF E_ANALOG_COEFF_TBL 
                                ANALOG_S1_BUF ANALOG_CT 
SCALE_ANALOG1             USES MEAN16 
SCALE_SENSORS             USES SENSORS_BUF SENSORS_RESULT_BUF 
                                E_SENSORS_COEFF_TBL SENSORS_S1_BUF SENSORS_CT 
SCALE_SENSORS1            USES DEF_NOVALUE MEAN16 
SCALE_P_TPMS              USES P_AMBIENT 
SCALE_P_TPMS2             USES P_TPMS 
INPUT                     USES GET_ANALOG_VALUES GET_SENSOR_VALUES 
GET_ANALOG_VALUES1        USES ANALOG_FLAGS _ADC_ERROR GET_ANALOG_VALUES9 
GET_ANALOG_VALUES3        USES ANALOG_BUF ANALOG_CT 
GET_SENSOR_VALUES         USES SDT_READ_VALUE 
GET_SENSOR_VALUES01       USES SB_T_UNIT MPL_READ_VALUES MPL_NOVALUE 
                                SB_P_AMBIENT 
GET_SENSOR_VALUES11       USES MPL_NOVALUE SB_T_AMBIENT 
OUTPUT                    USES ALARM_CTR_UPDATE UPDATE_LED SET_CAN_TERMINATION 
ALARM_CTR_UPDATE          USES ALARM_CTR ALARM_CT ALARM_CTR_UPDATE2 
ALARM_CTR_UPDATE1         USES OUTPUT_FLAGS _ALARM_TOGGLE ALARM_CT 
ALARM_CTR_UPDATE2         USES ALARM_CTR 
UPDATE_LED                USES SCI_TX_STATUS ALARM DROP_ALARM E_FUN_MODE 
                                _BLINKING OUTPUT_FLAGS _ALARM_TOGGLE 
UPDATE_LED1               USES UPDATE_LED3 
SET_CAN_TERMINATION       USES E_FUN_MODE _CAN_CLOSED 
COMLINE_RESET             USES CML_FLAGS 
COMLINE_RESET1            USES SCI_RESET 
COMLINE_TIMEOUTS          USES CML_FLAGS RX_TIMEOUT 
COMLINE_TIMEOUTS1         USES CML_FLAGS TX_TIMEOUT 
COMLINE_TIMEOUTS8         USES RX_TIMEOUT_CT RX_TIMEOUT TX_TIMEOUT_CT 
                                TX_TIMEOUT 
COMLINE_INPUT             USES SCI_READ8 RX_BUFFER CML_FLAGS COMLINE_INPUT3 
COMLINE_INPUT1            USES TX_BUFFER RX_BUFFER CML_FLAGS 
COMLINE_INPUT2            USES CML_FLAGS 
COMLINE_REACTION          USES CML_FLAGS COMLINE_REACTION3 
COMLINE_REACTION1         USES CMD_EXECUTE COMLINE_REACTION3 
COMLINE_REACTION2         USES CMD_DECODE 
CMD_DECODE                USES RX_BUFFER CML_FLAGS 
CMD_DECODE0               USES VAR00001 
CMD_DECODE1               USES TX_BUFFER SCI_WRITE8 
CMD_DECODE2               USES CML_FLAGS 
CMD_DECODE3               USES CML_FLAGS 
VAR00001                  USES NO_CMD 
VAR00002                  USES NO_CMD 
VAR00003                  USES C_CMD 
VAR00004                  USES D_CMD 
VAR00005                  USES E_CMD 
VAR00006                  USES NO_CMD 
VAR00007                  USES NO_CMD 
VAR00008                  USES NO_CMD 
VAR00009                  USES NO_CMD 
VAR00010                  USES NO_CMD 
VAR00011                  USES NO_CMD 
VAR00012                  USES NO_CMD 
VAR00013                  USES NO_CMD 
VAR00014                  USES NO_CMD 
VAR00015                  USES O_CMD 
VAR00016                  USES P_CMD 
VAR00017                  USES NO_CMD 
VAR00018                  USES R_CMD 
VAR00019                  USES S_CMD 
VAR00020                  USES NO_CMD 
VAR00021                  USES NO_CMD 
VAR00022                  USES V_CMD 
VAR00023                  USES W_CMD 
VAR00024                  USES NO_CMD 
VAR00025                  USES NO_CMD 
VAR00026                  USES NO_CMD 
NO_CMD                    USES CMD_DECODE3 
C_CMD                     USES SCI_TX_DISABLE CML_FLAGS CMD_DECODE3 
D_CMD                     USES CONFIG_TBL E_CONFIG_TBL CONFIG_TBL_CT 
D_CMD1                    USES FTMRC_COPY 
D_CMD2                    USES E_CONFIG_TBL CONFIG_TBL_CT CREATE_KERMIT 
                                E_CONFIG_CRC FTMRC_WRITE16 FTMRC_FLASH CMD_DECODE1 
E_CMD                     USES COMLINE_EXECUTE CMD_DECODE1 
O_CMD                     USES SCI_TX_ENABLE CML_FLAGS BUS_CLK 
O_CMD1                    USES VAR00027 IO_PTR IO_CTR CML_FLAGS CMD_DECODE2 
P_CMD                     USES IO_DATA_PTR IO_PTR IO_CTR CML_FLAGS CMD_DECODE1 
R_CMD                     USES IO_DATA_PTR IO_PTR IO_DATA_CTR IO_CTR CML_FLAGS 
                                CMD_DECODE1 
S_CMD                     USES IO_DATA_CTR IO_PTR IO_CTR CML_FLAGS CMD_DECODE1 
V_CMD                     USES E_CONFIG_TBL CONFIG_TBL_CT CREATE_KERMIT 
                                E_CONFIG_CRC FTMRC_WRITE16 FTMRC_FLASH CMD_DECODE1 
W_CMD                     USES IO_DATA_PTR IO_PTR IO_DATA_CTR IO_CTR CML_FLAGS 
                                CMD_DECODE1 
CMD_EXECUTE               USES CML_FLAGS CMD_EXECUTE3 
CMD_EXECUTE1              USES PUT_DATA_HANDLE CMD_EXECUTE3 
CMD_EXECUTE2              USES GET_DATA_HANDLE 
CMD_EXECUTE3              USES CHK_CMD_STATUS 
PUT_DATA_HANDLE           USES CML_FLAGS PUT_DATA_HANDLE9 
PUT_DATA_HANDLE1          USES CML_FLAGS PUT_DATA_HANDLE9 
PUT_DATA_HANDLE2          USES IO_PTR TX_BUFFER SCI_WRITE8 CML_FLAGS 
                                TX_TIMEOUT_CT TX_TIMEOUT IO_CTR 
GET_DATA_HANDLE           USES CML_FLAGS GET_DATA_HANDLE9 
GET_DATA_HANDLE1          USES CML_FLAGS GET_DATA_HANDLE9 
GET_DATA_HANDLE2          USES IO_PTR B_EEPROM T_EEPROM RX_BUFFER FTMRC_WRITE8 
                                GET_DATA_HANDLE2c 
GET_DATA_HANDLE2a         USES IO_PTR B_RAM T_RAM RX_BUFFER GET_DATA_HANDLE2c 
GET_DATA_HANDLE2b         USES RX_BUFFER 
GET_DATA_HANDLE2c         USES IO_PTR RX_TIMEOUT_CT RX_TIMEOUT CML_FLAGS 
                                IO_CTR FTMRC_FLASH 
GET_DATA_HANDLE8          USES RX_BUFFER SCI_WRITE8 
CHK_CMD_STATUS            USES CML_FLAGS 
CHK_CMD_STATUS1           USES CML_FLAGS COMLINE_RESET 
SCI_RESET                 USES BAUDRATE_REL 
SCI_WRITE8                USES BUS_CLK 
MEAN16                    USES MEAN16_9 
READ_COEFFICIENTS         USES wA0H 
READ_COEFFICIENTS2        USES SPI_READ wA0H 
READ_COEFFICIENTS3        USES SPI_READ wA0H SHIFT_RIGHT32 wB1H 
B1_POS                    USES wB1H SHIFT_LEFT32 SPI_READ wB2H 
B2_POS                    USES wB2H SHIFT_LEFT32 SPI_READ wC12H 
C12_NEG                   USES wC12H 
C12_POS                   USES wC12H SPI_READ wC11H 
C11_NEG                   USES wC11H 
C11_POS                   USES wC11H SPI_READ wC22H 
C22_NEG                   USES wC22H 
C22_POS                   USES wC22H MPL_FLAGS 
CALCULATE_PRESSURE        USES RESULTA wB1L wB1H 
EXPAND_B1_1               USES RESULTA 
EXPAND_B1_2               USES wC11H wC11L wPADC MUL3216S RESULTA wC12H wC12L 
                                wTADC RESULTB wB2L wB2H 
EXPAND_B2_1               USES RESULTB 
EXPAND_B2_2               USES wC22H wC22L wTADC MUL3216S RESULTB RESULTC wA0L 
                                wA0H 
EXPAND_A0_1               USES RESULTC 
EXPAND_A0_2               USES RESULTA wPADC MUL3216S RESULTC RESULTB wTADC 
CALCULATE_PRESSURE9       USES wPCOMP 
CALCULATE_TEMPERATURE     USES wTADC MUL3216S 
CALCULATE_TEMPERATURE1    USES wTCOMP 
READ_RAW_PRESSURE         USES SPI_READ 
READ_RAW_TEMPERATURE      USES SPI_READ 
START_CONVERSION          USES SPI_WRITE MPL_FLAGS 
MPL_RESET                 USES MPL_FLAGS 
MPL_RESET1                USES MPL_FLAGS READ_COEFFICIENTS 
MPL_READ_VALUES           USES MPL_FLAGS READ_COEFFICIENTS 
MPL_READ_VALUES1          USES MPL_FLAGS 
MPL_READ_VALUES2          USES MPL_FLAGS READ_RAW_PRESSURE wPADC 
                                READ_RAW_TEMPERATURE wTADC CALCULATE_PRESSURE CALCULATE_TEMPERATURE 
MPL_READ_VALUES8          USES wPCOMP wTCOMP 
MPL_READ_VALUES9          USES START_CONVERSION wPCOMP wTCOMP 
PWS_UPDATE                USES SWRITE 
MUX_UPDATE1               USES VAR00001 
VAR00001                  USES MUX_STATE0 
VAR00002                  USES MUX_STATE1 
VAR00003                  USES MUX_STATE2 
VAR00004                  USES MUX_STATE3 
LIN_INT                   USES CHECK_READBACK FRAME_HANDLE 
CHECK_READBACK            USES FRAME_STATE LIN_FLAGS 
CHECK_READBACK1           USES LIN_READBACK LIN_FLAGS 
CHECK_READBACK2           USES FRAME_STATE 
TRANSMIT_BYTE             USES BUS_CLK 
TRANSMIT_BYTE1            USES LIN_FLAGS 
TRANSMIT_BYTE2            USES LIN_READBACK FRAME_STATE 
RECEIVE_BYTE1             USES LIN_FLAGS 
TRANSMIT_DATA             USES FRAME_STATE pLIN_DATA TRANSMIT_BYTE VAR00001 
                                LIN_DATA_CTR 
TRANSMIT_DATA2            USES FRAME_STATE VAR00001 TRANSMIT_BYTE 
TRANSMIT_DATA3            USES LIN_FLAGS 
RECEIVE_DATA              USES RECEIVE_BYTE FRAME_STATE pLIN_DATA VAR00001 
                                LIN_READ_CNT LIN_DATA_CTR 
RECEIVE_DATA2             USES FRAME_STATE VAR00001 LIN_FLAGS 
RECEIVE_DATA3             USES FRAME_STATE LIN_FLAGS 
RECEIVE_DATA4             USES LIN_FLAGS 
FRAME_HANDLE              USES FRAME_STATE LIN_SYNCRATE TRANSMIT_BYTE 
FRAME_HANDLE1             USES FRAME_STATE LIN_BAUDRATE TRANSMIT_BYTE 
FRAME_HANDLE2             USES FRAME_STATE LIN_MESSAGE_ID TRANSMIT_BYTE 
FRAME_HANDLE3             USES LIN_FLAGS TRANSMIT_DATA 
FRAME_HANDLE4             USES RECEIVE_DATA 
LIN_RESET                 USES LIN_FLAGS 
LIN_RESET1                USES FRAME_STATE LIN_FLAGS LIN_BAUDRATE LIN_SYNCRATE 
LIN_STATUS                USES LIN_FLAGS 
BREAK                     USES LIN_FLAGS FRAME_STATE 
BREAK1                    USES FRAME_STATE BUS_CLK 
BREAK2                    USES FRAME_STATE 
BREAK3                    USES LIN_FLAGS 
PREPARE_FRAME             USES LIN_FLAGS BREAK 
PREPARE_FRAME1            USES LIN_FLAGS 
PREPARE_FRAME2            USES LIN_FLAGS FRAME_STATE 
PREPARE_FRAME5            USES LIN_CREATE_PARITY LIN_MESSAGE_ID LIN_DATA_BUF 
                                pLIN_DATA VAR00001 LIN_READ_CNT LIN_DATA_CTR 
LIN_READ                  USES LIN_FLAGS 
LIN_READ1                 USES LIN_DATA_BUF LIN_READ_CNT 
LIN_READ2                 USES LIN_FLAGS 
LIN_READ3                 USES LIN_READ_CNT 
LIN_READ4                 USES LIN_MESSAGE_ID LIN_READ_CNT 
LIN_READ5                 USES LIN_FLAGS 
LIN_WRITE                 USES PREPARE_FRAME LIN_DATA_BUF 
LIN_WRITE1                USES LIN_FLAGS FRAME_HANDLE 
LIN_REQUEST               USES PREPARE_FRAME LIN_FLAGS FRAME_HANDLE 
LIN_START                 USES LIN_FLAGS 
LIN_START1                USES SCHEDULE_FLAGS CLOCK_CTR ANTENNA_CTR 
                                BD_9600_REL LIN_RESET 
LIN_DEACTIVATE_ANTENNA    USES VAR00266 ANTENNA_FLAGS 
STO_RX_STATUS             USES ANTENNA_POS DIAG_BUF LIN_RX_BUF oIDENTIFIER 
                                oSTATUS FMT_RX_STATUS VAR00274 
VAR00274                  USES RX_FL 
VAR00275                  USES RX_FR 
VAR00276                  USES RX_RL 
VAR00277                  USES RX_RR 
RX_FL                     USES DIAG_BUF 
RX_FR                     USES DIAG_BUF 
RX_RL                     USES DIAG_BUF 
RX_RR                     USES DIAG_BUF 
BEFORE_WRITE              USES ANTENNA_POS 
BEFORE_WRITE1             USES LIN_TX_POS E_CAN_MASK _DIAGNOSIS 
BEFORE_WRITE11            USES DIAG_BUF CAN_WRITE 
BEFORE_WRITE12            USES DIAG_BUF CLEAR_BUFFER16 LIN_TX_POS 
BEFORE_WRITE2             USES TX_DATA0 
BEFORE_WRITE21            USES LIN_IDENTIFIER_TBL ANTENNA_POS TX_DATA0 
AFTER_READ                USES VAR00266 ANTENNA_POS ANTENNA_FLAGS RESPONSE_PTR 
                                SCHEDULE_PTR 
AFTER_READ2               USES LIN_STATUS RX_DATA0 SCHEDULE_PTR 
AFTER_READ21              USES LIN_RX_BUF 
AFTER_READ22              USES LIN_TX_POS LIN_RX_POS STO_RX_STATUS 
AFTER_READ3               USES LIN_STATUS 
AFTER_READ9               USES DELAY_CTR 
NEXT_FRAME                USES SCHEDULE_FLAGS VAR00266 ANTENNA_POS 
                                ANTENNA_FLAGS 
NEXT_FRAME0               USES SCHEDULE_PTR SCHEDULE_END SCHEDULE_FLAGS 
NEXT_FRAME1               USES SCHEDULE_FLAGS PWS_UPDATE VAR00266 
                                ANTENNA_FLAGS 
NEXT_FRAME1a              USES SCHEDULE_FLAGS VAR00266 ANTENNA_FLAGS DELAY_CTR 
NEXT_FRAME1b              USES PWS_UPDATE 
NEXT_FRAME3               USES MUX_UPDATE SCHEDULE_FLAGS RESPONSE_PTR 
NEXT_FRAME5               USES DELAY_CTR SCHEDULE_FLAGS 
NEXT_FRAME6               USES SCHEDULE_PTR SCHEDULE_FLAGS BEFORE_WRITE 
                                LIN_WRITE 
NEXT_FRAME8               USES LIN_REQUEST 
LIN_RUN                   USES TIME_CTR ANTENNA_CTR 
LIN_RUN0                  USES ANTENNA_CTR LIN_FLAGS 
LIN_RUN0a                 USES CLOCK_CTR LIN_RUN9 
LIN_RUN0b                 USES CLOCK_CTR SCHEDULE_FLAGS 
LIN_RUN1                  USES LIN_FLAGS VAR00001 SCHEDULE_PTR VAR00054 
                                SCHEDULE_END 
LIN_RUN1a                 USES TIME_CTR LIN_TIME_CTR VAR00054 SCHEDULE_PTR 
                                REQUEST_DATA_END SCHEDULE_END LIN_FLAGS 
LIN_RUN1z                 USES DELAY_CTR SCHEDULE_FLAGS 
LIN_RUN2                  USES SCHEDULE_FLAGS RESPONSE_PTR LIN_READ AFTER_READ 
LIN_RUN3                  USES DELAY_CTR 
LIN_RUN4                  USES NEXT_FRAME 
PARAM_ADDR                USES VAR00052 
RESULT_ADDR               USES V_BATTERY 
VAR00034                  USES LIN_ID_FL 
VAR00035                  USES LIN_ID_FR 
VAR00036                  USES LIN_ID_RL 
VAR00037                  USES LIN_ID_RR 
VAR00038                  USES MSG_ID_FL 
VAR00039                  USES MSG_ID_FR 
VAR00040                  USES MSG_ID_RL 
VAR00041                  USES MSG_ID_RR 
VAR00042                  USES MSG_CTR_FL 
VAR00043                  USES MSG_CTR_FR 
VAR00044                  USES MSG_CTR_RL 
VAR00045                  USES MSG_CTR_RR 
VAR00046                  USES MSG_RX_BUF_FL 
VAR00047                  USES MSG_RX_BUF_FR 
VAR00048                  USES MSG_RX_BUF_RL 
VAR00049                  USES MSG_RX_BUF_RR 
VAR00002                  USES PWS_STATE 
VAR00005                  USES PWS_STATE 
VAR00008                  USES .roData 
VAR00011                  USES .roData 
VAR00014                  USES TX1_CONF 
VAR00015                  USES PWS_STATE 
VAR00018                  USES PWS_STATE 
VAR00021                  USES .roData 
VAR00024                  USES .roData 
VAR00027                  USES TX2_CONF 
VAR00028                  USES PWS_STATE 
VAR00031                  USES PWS_STATE 
VAR00034                  USES .roData 
VAR00037                  USES .roData 
VAR00040                  USES TX3_CONF 
VAR00041                  USES PWS_STATE 
VAR00044                  USES PWS_STATE 
VAR00047                  USES .roData 
VAR00050                  USES .roData 
VAR00053                  USES TX4_CONF 
VAR00055                  USES .roData 
VAR00058                  USES RX1_ADC 
VAR00060                  USES .roData 
VAR00063                  USES .roData 
VAR00066                  USES .roData 
VAR00069                  USES .roData 
VAR00072                  USES .roData 
VAR00075                  USES RX_DATA0 
VAR00077                  USES RX_DATA1 
VAR00079                  USES RX_DATA2 
VAR00081                  USES .roData 
VAR00084                  USES RX_DATA0 
VAR00086                  USES RX_DATA1 
VAR00088                  USES RX_DATA2 
VAR00090                  USES .roData 
VAR00093                  USES RX_DATA0 
VAR00095                  USES RX_DATA1 
VAR00097                  USES RX_DATA2 
VAR00099                  USES .roData 
VAR00102                  USES RX_DATA0 
VAR00104                  USES RX_DATA1 
VAR00106                  USES RX_DATA2 
VAR00108                  USES .roData 
VAR00111                  USES RX2_ADC 
VAR00113                  USES .roData 
VAR00116                  USES .roData 
VAR00119                  USES .roData 
VAR00122                  USES .roData 
VAR00125                  USES .roData 
VAR00128                  USES RX_DATA0 
VAR00130                  USES RX_DATA1 
VAR00132                  USES RX_DATA2 
VAR00134                  USES .roData 
VAR00137                  USES RX_DATA0 
VAR00139                  USES RX_DATA1 
VAR00141                  USES RX_DATA2 
VAR00143                  USES .roData 
VAR00146                  USES RX_DATA0 
VAR00148                  USES RX_DATA1 
VAR00150                  USES RX_DATA2 
VAR00152                  USES .roData 
VAR00155                  USES RX_DATA0 
VAR00157                  USES RX_DATA1 
VAR00159                  USES RX_DATA2 
VAR00161                  USES .roData 
VAR00164                  USES RX3_ADC 
VAR00166                  USES .roData 
VAR00169                  USES .roData 
VAR00172                  USES .roData 
VAR00175                  USES .roData 
VAR00178                  USES .roData 
VAR00181                  USES RX_DATA0 
VAR00183                  USES RX_DATA1 
VAR00185                  USES RX_DATA2 
VAR00187                  USES .roData 
VAR00190                  USES RX_DATA0 
VAR00192                  USES RX_DATA1 
VAR00194                  USES RX_DATA2 
VAR00196                  USES .roData 
VAR00199                  USES RX_DATA0 
VAR00201                  USES RX_DATA1 
VAR00203                  USES RX_DATA2 
VAR00205                  USES .roData 
VAR00208                  USES RX_DATA0 
VAR00210                  USES RX_DATA1 
VAR00212                  USES RX_DATA2 
VAR00214                  USES .roData 
VAR00217                  USES RX4_ADC 
VAR00219                  USES .roData 
VAR00222                  USES .roData 
VAR00225                  USES .roData 
VAR00228                  USES .roData 
VAR00231                  USES .roData 
VAR00234                  USES RX_DATA0 
VAR00236                  USES RX_DATA1 
VAR00238                  USES RX_DATA2 
VAR00240                  USES .roData 
VAR00243                  USES RX_DATA0 
VAR00245                  USES RX_DATA1 
VAR00247                  USES RX_DATA2 
VAR00249                  USES .roData 
VAR00252                  USES RX_DATA0 
VAR00254                  USES RX_DATA1 
VAR00256                  USES RX_DATA2 
VAR00258                  USES .roData 
VAR00261                  USES RX_DATA0 
VAR00263                  USES RX_DATA1 
VAR00265                  USES RX_DATA2 

*********************************************************************************************
DEPENDENCY TREE
*********************************************************************************************
 main and _Startup Group
 | 
 +- SYS_START           
      
 CAN0_TX_INT         
 | 
 +- CAN0_TX_INT9        
      
 CAN0_RX_INT         
   
 LIN_INT             
 | 
 +- CHECK_READBACK      
 |    
 +- FRAME_HANDLE        
    | 
    +- TRANSMIT_BYTE       
         
 TICKER_INT          
   
 NO_CODE_TRAP        
 | 
 +- SYS_START            (see above)
    
 RESET_INT           
 | 
 +- SYS_START            (see above)
    
*********************************************************************************************
STATISTIC SECTION
---------------------------------------------------------------------------------------------

ExeFile:
--------
Number of blocks to be downloaded: 6
Total size of all blocks to be downloaded: 11425

