*** EVALUATION ***
PROGRAM "C:\E83-DTM\bin\TIREGUARD.abs"

*********************************************************************************************
TARGET SECTION
---------------------------------------------------------------------------------------------
Processor   : Freescale HC12
Memory Model: SMALL
File Format : ELF\DWARF 2.0
Linker      : SmartLinker V-5.0.40 Build 10203, Jul 23 2010

*********************************************************************************************
FILE SECTION
---------------------------------------------------------------------------------------------
tg3Communicate.asm.o                    Model: SMALL,         Lang: Assembler
tg3Declarations.asm.o                   Model: SMALL,         Lang: Assembler
tg3Globals.asm.o                        Model: SMALL,         Lang: Assembler
tg3Init.asm.o                           Model: SMALL,         Lang: Assembler
tg3Main.asm.o                           Model: SMALL,         Lang: Assembler
tg3Reset.asm.o                          Model: SMALL,         Lang: Assembler
s12c_Arithmetics.asm.o                  Model: SMALL,         Lang: Assembler
s12c_CRC.asm.o                          Model: SMALL,         Lang: Assembler
s12c_MSCAN.asm.o                        Model: SMALL,         Lang: Assembler
s12c_LINMaster.asm.o                    Model: SMALL,         Lang: Assembler
tg3LIN.asm.o                            Model: SMALL,         Lang: Assembler
tg3Interrupts.asm.o                     Model: SMALL,         Lang: Assembler
s12c_DS1722_s.asm.o                     Model: SMALL,         Lang: Assembler
tg3Scale.asm.o                          Model: SMALL,         Lang: Assembler
tg3Input.asm.o                          Model: SMALL,         Lang: Assembler
s12c_Mean16.asm.o                       Model: SMALL,         Lang: Assembler
s12c_FTS.asm.o                          Model: SMALL,         Lang: Assembler
s12c_MC33879_s.asm.o                    Model: SMALL,         Lang: Assembler
tg3Output.asm.o                         Model: SMALL,         Lang: Assembler
s12c_COMLINE.asm.o                      Model: SMALL,         Lang: Assembler
s12c_SoftUart.asm.o                     Model: SMALL,         Lang: Assembler
s12c_74153.asm.o                        Model: SMALL,         Lang: Assembler

*********************************************************************************************
STARTUP SECTION
---------------------------------------------------------------------------------------------
Entry point: 0x4006 (SYS_START)

*********************************************************************************************
SECTION-ALLOCATION SECTION
Section Name                    Size  Type     From       To       Segment
---------------------------------------------------------------------------------------------
.init                             89     R     0x4006     0x405E   FLASH_CODE_4000
.text                           8118     R     0x405F     0x6014   FLASH_CODE_4000
.text_C000                       908     R     0xC000     0xC38B   FLASH_CODE_C000
.rodata                          181     R     0xF000     0xF0B4   FLASH_DATA
.data                            558   R/W     0x1020     0x124D   RAM_DATA
.locals                         1539   R/W     0x1800     0x1E02   LOCAL_DATA
.regs                             32   R/W     0x1000     0x101F   REGISTERS
.bss                              30   R/W      0x800      0x81D   EEPROM_DATA
.roData                          968     R     0xF0B5     0xF47C   FLASH_DATA
.vectSeg0_vect                   128     R     0xFF80     0xFFFF   .vectSeg0

Summary of section sizes per section type:
READ_ONLY (R):        2898 (dec:    10392)
READ_WRITE (R/W):      86F (dec:     2159)

*********************************************************************************************
VECTOR-ALLOCATION SECTION
    Address     InitValue   InitFunction
---------------------------------------------------------------------------------------------
     0xFF80        0x559A   NO_INT
     0xFF82        0x559A   NO_INT
     0xFF84        0x559A   NO_INT
     0xFF86        0x559A   NO_INT
     0xFF88        0x559A   NO_INT
     0xFF8A        0x559A   NO_INT
     0xFF8C        0x559A   NO_INT
     0xFF8E        0x559A   NO_INT
     0xFF90        0x559A   NO_INT
     0xFF92        0x559A   NO_INT
     0xFF94        0x559A   NO_INT
     0xFF96        0x559A   NO_INT
     0xFF98        0x559A   NO_INT
     0xFF9A        0x559A   NO_INT
     0xFF9C        0x559A   NO_INT
     0xFF9E        0x559A   NO_INT
     0xFFA0        0x559A   NO_INT
     0xFFA2        0x559A   NO_INT
     0xFFA4        0x559A   NO_INT
     0xFFA6        0x559A   NO_INT
     0xFFA8        0x559A   NO_INT
     0xFFAA        0x559A   NO_INT
     0xFFAC        0x559A   NO_INT
     0xFFAE        0x559A   NO_INT
     0xFFB0        0x4E19   CAN0_TX_INT
     0xFFB2        0x4EAD   CAN0_RX_INT
     0xFFB4        0x559A   NO_INT
     0xFFB6        0x559A   NO_INT
     0xFFB8        0x559A   NO_INT
     0xFFBA        0x559A   NO_INT
     0xFFBC        0x559A   NO_INT
     0xFFBE        0x559A   NO_INT
     0xFFC0        0x559A   NO_INT
     0xFFC2        0x559A   NO_INT
     0xFFC4        0x559A   NO_INT
     0xFFC6        0x559A   NO_INT
     0xFFC8        0x559A   NO_INT
     0xFFCA        0x559A   NO_INT
     0xFFCC        0x559A   NO_INT
     0xFFCE        0x559A   NO_INT
     0xFFD0        0x559A   NO_INT
     0xFFD2        0x559A   NO_INT
     0xFFD4        0x559A   NO_INT
     0xFFD6        0x52C7   LIN_INT
     0xFFD8        0x559A   NO_INT
     0xFFDA        0x559A   NO_INT
     0xFFDC        0x559A   NO_INT
     0xFFDE        0x559A   NO_INT
     0xFFE0        0x55C0   TICKER_INT
     0xFFE2        0x5CDD   SCI_INT
     0xFFE4        0x559A   NO_INT
     0xFFE6        0x559A   NO_INT
     0xFFE8        0x559A   NO_INT
     0xFFEA        0x559A   NO_INT
     0xFFEC        0x559A   NO_INT
     0xFFEE        0x559A   NO_INT
     0xFFF0        0x559A   NO_INT
     0xFFF2        0x559A   NO_INT
     0xFFF4        0x559A   NO_INT
     0xFFF6        0x5585   NO_CODE_TRAP
     0xFFF8        0x5585   NO_CODE_TRAP
     0xFFFA        0x5597   RESET_INT
     0xFFFC        0x5597   RESET_INT
     0xFFFE        0x5597   RESET_INT

*********************************************************************************************
OBJECT-ALLOCATION SECTION
     Name               Module                 Addr   hSize   dSize     Ref    Section   RLIB
---------------------------------------------------------------------------------------------
MODULE:                 -- tg3Communicate.asm.o --
- PROCEDURES:
     COMMUNICATE                               405F       A      10       1   .text       
     COMMUNICATE1                              4069       C      12       0   .text       
     VAR00001                                  4075       7       7       0   .text       
     GET_1753_DATA                             407C      20      32       1   .text       
     GET_1753_DATA1                            409C       C      12       0   .text       
     GET_1753_DATA2                            40A8       F      15       0   .text       
     GET_1753_DATA9                            40B7       1       1       0   .text       
     CHK_SPEED                                 40B8      17      23       1   .text       
     CHK_SPEED1                                40CF       6       6       0   .text       
     CHK_SPEED2                                40D5       4       4       0   .text       
     CHK_SPEED3                                40D9       1       1       0   .text       
     CHK_SENSORS                               40DA       F      15       1   .text       
     CHK_SENSORS1                              40E9       F      15       0   .text       
     CHK_SENSORS2                              40F8       8       8       0   .text       
     CHK_SENSORS3                              4100       B      11       0   .text       
     COMPARE_MESSAGE                           410B      1C      28       1   .text       
     COMPARE_MESSAGE1                          4127       B      11       0   .text       
     COMPARE_MESSAGE7                          4132       4       4       0   .text       
     COMPARE_MESSAGE8                          4136       1       1       0   .text       
     COMPARE_MESSAGE9                          4137       1       1       0   .text       
     COMPARE_IDENTIFIER                        4138      1F      31       3   .text       
     COMPARE_IDENTIFIER8                       4157       2       2       0   .text       
     COMPARE_IDENTIFIER9                       4159       1       1       0   .text       
     ANALYSE_IDENTIFIER                        415A      1D      29       1   .text       
     ANALYSE_IDENTIFIER8                       4177       1       1       0   .text       
     ANALYSE_IDENTIFIER9                       4178       1       1       0   .text       
     VALIDATE_IDENTIFIER                       4179       A      10       1   .text       
     VALIDATE_IDENTIFIER1                      4183       D      13       0   .text       
     VALIDATE_IDENTIFIER9                      4190       4       4       0   .text       
     CHK_IDENTIFIER                            4194      33      51       1   .text       
     CHK_IDENTIFIER1                           41C7       5       5       0   .text       
     CHK_IDENTIFIER2                           41CC      22      34       0   .text       
     CHK_IDENTIFIER3                           41EE       7       7       0   .text       
     CHK_IDENTIFIER4                           41F5       F      15       0   .text       
     CHK_IDENTIFIER8                           4204       2       2       0   .text       
     CHK_IDENTIFIER9                           4206       1       1       0   .text       
     GET_DATA                                  4207      1C      28       1   .text       
     GET_DATA1                                 4223       D      13       0   .text       
     GET_DATA2                                 4230       F      15       0   .text       
     GET_DATA3                                 423F      13      19       0   .text       
     GET_DATA9                                 4252       1       1       2   .text       
     PUT_DATA                                  4253       E      14       2   .text       
     PUT_DATA1                                 4261       E      14       0   .text       
     PUT_DATA2                                 426F      15      21       0   .text       
     PUT_DATA3                                 4284       F      15       0   .text       
     PUT_DATA4                                 4293       B      11       0   .text       
     CHK_ALARM                                 429E       9       9       1   .text       
     CHK_ALARM1                                42A7       F      15       0   .text       
     CHK_ALARM11                               42B6      13      19       0   .text       
     CHK_ALARM2                                42C9       F      15       0   .text       
     CHK_ALARM21                               42D8       9       9       0   .text       
     PUT_LOW_XP_DATA                           42E1       B      11       1   .text       
     PUT_LOW_XP_DATA1                          42EC      12      18       0   .text       
     PUT_LOW_XP_DATA2                          42FE       D      13       0   .text       
     CHK_PRESSURE_DROP                         430B       D      13       1   .text       
     CHK_PRESSURE_DROP1                        4318       D      13       0   .text       
     CHK_PRESSURE_DROP2                        4325       8       8       0   .text       
     CHK_PRESSURE_DROP3                        432D       7       7       0   .text       
     CHK_PRESSURE_DROP4                        4334      27      39       0   .text       
     CHK_PRESSURE_DROP6                        435B       8       8       0   .text       
     CHK_PRESSURE_DROP7                        4363      13      19       0   .text       
     CHK_PRESSURE_DROP8                        4376       F      15       0   .text       
     CHK_PRESSURE_DROP9                        4385       1       1       0   .text       
     CHK_TIRES                                 4386      15      21       1   .text       
     CHK_TIRES1                                439B      1B      27       0   .text       
     CHK_TIRES2                                43B6      1C      28       0   .text       
     CHK_TIRES3                                43D2       5       5       0   .text       
     CHK_TIRES4                                43D7       6       6       0   .text       
     CHK_TIRES5                                43DD       B      11       0   .text       
     CHK_TIRES6                                43E8       6       6       0   .text       
     CHK_TIRES7                                43EE       6       6       2   .text       
     CHK_TIRES8                                43F4       2       2       1   .text       
     CHK_TIRES9                                43F6       C      12       1   .text       
     PUT_1781_DATA                             4402      3A      58       1   .text       
     PUT_IDENTIFIER_DATA                       443C      89     137       1   .text       
     CAN_IO                                    44C5      22      34       1   .text       
     CAN_IO1                                   44E7      12      18       0   .text       
     CAN_IO2                                   44F9       3       3       0   .text       
     CAN_IO9                                   44FC       7       7       0   .text       
     VAR00002                                  4503       7       7       0   .text       
- VARIABLES:
MODULE:                 -- tg3Declarations.asm.o --
- PROCEDURES:
- VARIABLES:
     SW_IDENT                                  F000      10      16       0   .rodata     
     VAR00001                                  F010      10      16       0   .rodata     
     VAR00002                                  F020      10      16       0   .rodata     
     VAR00003                                  F030      10      16       0   .rodata     
     VAR00004                                  F040      10      16       0   .rodata     
     SW_VERSION                                F050      10      16       0   .rodata     
     VAR00005                                  F060      10      16       0   .rodata     
     VAR00006                                  F070       1       1       0   .rodata     
     CONFIG_TBL                                F070       0       0       2   .rodata     
     VAR00007                                  F071       1       1       0   .rodata     
     VAR00008                                  F072       1       1       0   .rodata     
     VAR00009                                  F073       1       1       0   .rodata     
     VAR00010                                  F074       2       2       0   .rodata     
     VAR00011                                  F076       4       4       0   .rodata     
     VAR00012                                  F07A       4       4       0   .rodata     
     VAR00013                                  F07E       1       1       0   .rodata     
     VAR00014                                  F07F       1       1       0   .rodata     
     VAR00015                                  F080       1       1       0   .rodata     
     VAR00016                                  F081       1       1       0   .rodata     
     CAN0_CONFIG_TBL                           F081       0       0       2   .rodata     
     VAR00017                                  F082       1       1       0   .rodata     
     VAR00018                                  F083       1       1       0   .rodata     
     VAR00019                                  F084       1       1       0   .rodata     
     VAR00020                                  F085       2       2       0   .rodata     
     VAR00021                                  F087       2       2       0   .rodata     
     VAR00022                                  F089       2       2       0   .rodata     
     VAR00023                                  F08B       2       2       0   .rodata     
     VAR00024                                  F08D       2       2       0   .rodata     
     VAR00025                                  F08F       2       2       0   .rodata     
     VAR00026                                  F091       2       2       0   .rodata     
     VAR00027                                  F093       2       2       0   .rodata     
     VAR00028                                  F095       2       2       0   .rodata     
     LIN_IDENTIFIER_TBL                        F095       0       0       3   .rodata     
     VAR00029                                  F097       2       2       0   .rodata     
     VAR00030                                  F099       2       2       0   .rodata     
     VAR00031                                  F09B       2       2       0   .rodata     
     VAR00032                                  F09D       2       2       0   .rodata     
     MSG_IDENTIFIER_TBL                        F09D       0       0       6   .rodata     
     VAR00033                                  F09F       2       2       0   .rodata     
     VAR00034                                  F0A1       2       2       0   .rodata     
     VAR00035                                  F0A3       2       2       0   .rodata     
     VAR00036                                  F0A5       2       2       0   .rodata     
     MSG_CTR_TBL                               F0A5       0       0       2   .rodata     
     VAR00037                                  F0A7       2       2       0   .rodata     
     VAR00038                                  F0A9       2       2       0   .rodata     
     VAR00039                                  F0AB       2       2       0   .rodata     
     VAR00040                                  F0AD       2       2       0   .rodata     
     MSG_RX_TBL                                F0AD       0       0       2   .rodata     
     VAR00041                                  F0AF       2       2       0   .rodata     
     VAR00042                                  F0B1       2       2       0   .rodata     
     VAR00043                                  F0B3       2       2       0   .rodata     
     E_BOARD_ID                                 800       4       4       1   .bss        
     HW_IDENT                                   800       0       0       1   .bss        
     VAR00044                                   804       4       4       0   .bss        
     E_CRC_KEY                                  804       0       0       3   .bss        
     VAR00045                                   808       2       2       0   .bss        
     E_CRC_CODE                                 808       0       0       2   .bss        
     VAR00046                                   80A       1       1       0   .bss        
     E_CONFIG_TBL                               80A       0       0       6   .bss        
     E_TEMPERATURE                              80A       0       0       2   .bss        
     VAR00047                                   80B       1       1       0   .bss        
     E_PRESSURE                                 80B       0       0       2   .bss        
     VAR00048                                   80C       1       1       0   .bss        
     E_DROP_PRESSURE                            80C       0       0       1   .bss        
     VAR00049                                   80D       1       1       0   .bss        
     E_DROP_REF                                 80D       0       0       1   .bss        
     VAR00050                                   80E       2       2       0   .bss        
     E_XP_REF                                   80E       0       0       1   .bss        
     VAR00051                                   810       8       8       0   .bss        
     VAR00052                                   818       1       1       0   .bss        
     E_FUN_MODE                                 818       0       0       2   .bss        
     VAR00053                                   819       1       1       0   .bss        
     E_BARO_PRESSURE                            819       0       0       3   .bss        
     VAR00054                                   81A       1       1       0   .bss        
     E_ANALOG_COEFF_TBL                         81A       0       0       1   .bss        
     VAR00055                                   81C       2       2       0   .bss        
     E_CONFIG_CRC                               81C       0       0       4   .bss        
     REGS                                      1000      20      32       0   .regs       
     BOR                                       1000       0       0       1   .regs       
     BOV                                       1020       0       0       1   .data       
     ANALOG_FLAGS                              1020       1       1       1   .data       
     CAL_LOCK_CTR                              1022       2       2       0   .data       
     ANALOG_BUF                                1024       2       2       2   .data       
     VAR00056                                  1026       2       2       0   .data       
     ANALOG_RESULT_BUF                         1026       0       0       1   .data       
     BATTERY_VOLTAGE                           1026       0       0       1   .data       
     VAR00057                                  1028       2       2       0   .data       
     UNIT_TEMPERATURE                          1028       0       0       2   .data       
     XP                                        102A       2       2       2   .data       
     OUTPUT_FLAGS                              102C       1       1       3   .data       
     ALARM_CTR                                 102D       1       1       2   .data       
     LAST_RX_POS                               102E       1       1       2   .data       
     LIN_RX_CTR                                1030       2       2       3   .data       
     VAR00058                                  1032       1       1       0   .data       
     COMMUNICATE_FLAGS                         1032       0       0      11   .data       
     VAR00059                                  1034       8       8       0   .data       
     CAN_BUF                                   1034       0       0       1   .data       
     CAN0_MSG0_BUF                             1034       0       0       5   .data       
     VAR00060                                  103C       8       8       0   .data       
     CAN0_MSG1_BUF                             103C       0       0      12   .data       
     VAR00061                                  1044       8       8       0   .data       
     CAN0_MSG2_BUF                             1044       0       0       4   .data       
     VAR00062                                  104C       1       1       0   .data       
     CAN0_TIMEOUT_CTR                          104C       0       0       2   .data       
     CAN0_RX_CTR                               104D       2       2       3   .data       
     SENSOR_CTR_REC                            1050       8       8       3   .data       
     ALARM                                     1058       1       1       4   .data       
     DROP_ALARM                                1059       1       1       4   .data       
     CHECK_WAIT_CTR                            105A       2       2       3   .data       
     LIN_IDENTIFIER_REC                        105C       0       0       0   .data       
     LIN_ID_FL                                 105C       4       4       1   .data       
     LIN_ID_FR                                 1060       4       4       1   .data       
     LIN_ID_RL                                 1064       4       4       1   .data       
     LIN_ID_RR                                 1068       4       4       1   .data       
     MSG_CTR_REC                               106C       0       0       0   .data       
     MSG_CTR_FL                                106C       1       1       1   .data       
     MSG_CTR_FR                                106D       1       1       1   .data       
     MSG_CTR_RL                                106E       1       1       1   .data       
     MSG_CTR_RR                                106F       1       1       1   .data       
     MSG_RX_BUF_FL                             1070      18      24       1   .data       
     MSG_RX_REC                                1070       0       0       5   .data       
     MSG_RX_BUF_FR                             1088      18      24       1   .data       
     MSG_RX_BUF_RL                             10A0      18      24       1   .data       
     MSG_RX_BUF_RR                             10B8      18      24       1   .data       
     MSG_IDENTIFIER_REC                        10D0       0       0       0   .data       
     MSG_ID_FL                                 10D0       4       4       1   .data       
     MSG_ID_FR                                 10D4       4       4       1   .data       
     MSG_ID_RL                                 10D8       4       4       1   .data       
     MSG_ID_RR                                 10DC       4       4       1   .data       
     MSG_S1_BUF_FL                             10E0      18      24       0   .data       
     MSG_S1_REC                                10E0       0       0       2   .data       
     MSG_S1_BUF_FR                             10F8      18      24       0   .data       
     MSG_S1_BUF_RL                             1110      18      24       0   .data       
     MSG_S1_BUF_RR                             1128      18      24       0   .data       
     LIN_ADC_ADDR                              1140       2       2       1   .data       
     ANALOG_S1_BUF                             1142       9       9       1   .data       
     MEAN_S1_BUF                               1142       0       0       1   .data       
     LOOP_CTR                                  114B       1       1       4   .data       
     LOOP_FLAGS                                114C       1       1       5   .data       
     VAR00063                                  114D       1       1       0   .data       
     TIRE_RFSH_CTR                             114D       0       0       2   .data       
     TOV                                       114E       0       0       0   .data       
     BOS                                       114E     100     256       1   .data       
- LABELS:
     _LOW_XP_TRIG                                 1       0       0       3   .text       
     C_REFDV                                      1       0       0       1   .text       
     _ADC_ERROR                                   2       0       0       1   .text       
     _LOW_XP_FLAG                                 2       0       0       5   .text       
     C_SYNR                                       2       0       0       1   .text       
     oIDENTIFIER                                  4       0       0       2   .text       
     HW_IDENT_CT                                  4       0       0       0   .text       
     C_TSCR2                                      4       0       0       1   .text       
     C_ATD_PRSC                                   5       0       0       1   .text       
     _LOOP_OV                                     8       0       0       1   .text       
     oPRESSURE                                    8       0       0       3   .text       
     MEAN_S1_BUF_CT                               9       0       0       1   .text       
     oTEMPERATURE                                 9       0       0       2   .text       
     ALARM_CT                                     A       0       0       2   .text       
     _CAN_RFSH_TRIG                              10       0       0       3   .text       
     _LOOP_OV_CLEAR                              10       0       0       0   .text       
     CONFIG_TBL_CNT                              11       0       0       6   .text       
     LOOP_CT                                     14       0       0       3   .text       
     CAN_BUF_CT                                  18       0       0       1   .text       
     SW_VERSION_CT                               20       0       0       0   .text       
     REGS_SIZE_CT                                20       0       0       1   .text       
     BD_38400_REL                                27       0       0       0   .text       
     BD_9600x4_REL                               27       0       0       1   .text       
     C_FTS_FCLKDIV                               49       0       0       1   .text       
     BD_19200_REL                                4E       0       0       0   .text       
     BD_4800x4_REL                               4E       0       0       0   .text       
     TIRE_RFSH_CT                                64       0       0       1   .text       
     SW_IDENT_CT                                 70       0       0       0   .text       
     _LOOP_TIMEOUT                               80       0       0       4   .text       
     _ALARM_TOGGLE                               80       0       0       2   .text       
     BD_9600_REL                                 9C       0       0       1   .text       
     STACK_SIZE_CT                              100       0       0       1   .text       
     RX_TIMEOUT_CT                              12C       0       0       2   .text       
     TX_TIMEOUT_CT                              12C       0       0       2   .text       
     VAR_SIZE_CT                                12E       0       0       1   .text       
     BD_4800_REL                                138       0       0       0   .text       
     BD_2400_REL                                271       0       0       0   .text       
     TICK_REL                                   2EE       0       0       2   .text       
     B_EEPROM                                   400       0       0       1   .text       
     CAN0_RX_CT                                 BB8       0       0       1   .text       
     LIN_RX_CT                                  BB8       0       0       1   .text       
     SENSOR_CT                                  BB8       0       0       1   .text       
     T_EEPROM                                   FFF       0       0       1   .text       
     B_RAM                                     1000       0       0       2   .text       
     DATA_SIZE                                 1000       0       0       1   .text       
     CHECK_WAIT_CT                             1770       0       0       1   .text       
     T_RAM                                     1FFF       0       0       1   .text       
     B_DATA_FLASH                              3800       0       0       0   .text       
     T_DATA_FLASH                              3FFF       0       0       0   .text       
     B_FLASH                                   4000       0       0       2   .text       
     BUS_CLK                                   5DC0       0       0      10   .text       
     bt_TIREGUARD3A                            8043       0       0       2   .text       
     CODE_SIZE                                 C000       0       0       2   .text       
     T_FLASH                                   FFFF       0       0       0   .text       
MODULE:                 -- tg3Globals.asm.o --
- PROCEDURES:
     CLEAR_BUFFER                              450A       8       8       3   .text       
     CALC_CHECKSUM                             4512       6       6       0   .text       
     CALC_CHECKSUM1                            4518       F      15       0   .text       
     CALC_CHECKSUM2                            4527       3       3       0   .text       
     VERIFY_CHECKSUM                           452A       6       6       0   .text       
     VERIFY_CHECKSUM1                          4530       C      12       0   .text       
     VERIFY_CHECKSUM2                          453C       3       3       0   .text       
     WATCHDOG_INIT                             453F       6       6       1   .text       
     WATCHDOG_RESET                            4545       B      11       1   .text       
     VAR00001                                  4550       7       7       0   .text       
- VARIABLES:
MODULE:                 -- tg3Init.asm.o --
- PROCEDURES:
     INIT                                      4557      20      32       1   .text       
     VAR00001                                  4577       7       7       0   .text       
     START_LOOP                                457E      20      32       1   .text       
     START_LOOP1                               459E       5       5       0   .text       
     INIT_PORTS                                45A3      A9     169       1   .text       
     INIT_COMLINES                             464C       1       1       1   .text       
     INIT_CAN                                  464D      29      41       1   .text       
     INIT_CAN1                                 4676       E      14       0   .text       
     INIT_CAN2                                 4684       5       5       0   .text       
     INIT_CAN3                                 4689       1       1       0   .text       
     INIT_LIN                                  468A       1       1       1   .text       
     INIT_ANALOG                               468B      15      21       1   .text       
     INIT_SENSORS                              46A0       1       1       1   .text       
     INIT_INT                                  46A1      14      20       1   .text       
     DEADLOCK                                  46B5       3       3       1   .text       
     MISC_INIT                                 46B8       7       7       1   .text       
     VAR00002                                  46BF       7       7       0   .text       
- VARIABLES:
MODULE:                 -- tg3Main.asm.o --
- PROCEDURES:
     SYS_START                                 4006      19      25       2   .init       
     SYS_START1                                401F       D      13       0   .init       
     SYS_START2                                402C       D      13       0   .init       
     SYS_START3                                4039       B      11       0   .init       
     LOOP                                      4044      14      20       0   .init       
     VAR00001                                  4058       7       7       0   .init       
- VARIABLES:
MODULE:                 -- tg3Reset.asm.o --
- PROCEDURES:
     RESET                                     46C6      38      56       1   .text       
     VAR00001                                  46FE       7       7       0   .text       
     RESET1                                    4705       2       2       0   .text       
     VAR00002                                  4707       7       7       0   .text       
     CRC_KEY                                   470E       4       4       3   .text       
     CHK_CODE_MEM                              4712      10      16       1   .text       
     CHK_CODE_MEM1                             4722      2C      44       0   .text       
     CHK_CODE_MEM2                             474E      16      22       0   .text       
     CHK_DATA_MEM                              4764       6       6       1   .text       
     CHK_DATA_MEM1                             476A      20      32       0   .text       
     CHK_DATA_MEM8                             478A       2       2       0   .text       
     CHK_DATA_MEM9                             478C       1       1       0   .text       
     CHK_CPU                                   478D      3E      62       1   .text       
     CHK_CPU8                                  47CB       2       2       0   .text       
     CHK_CPU9                                  47CD       1       1       0   .text       
     RESET_CLOCK                               47CE      12      18       1   .text       
     RESET_CLOCK1                              47E0       A      10       0   .text       
     RESET_PORTS                               47EA      D8     216       1   .text       
     RESET_FLASH                               48C2       4       4       1   .text       
     RESET_CAN                                 48C6      15      21       1   .text       
     RESET_CAN1                                48DB       6       6       0   .text       
     RESET_LIN                                 48E1       4       4       1   .text       
     RESET_COMLINES                            48E5       4       4       1   .text       
     RESET_SENSORS                             48E9       F      15       1   .text       
     RESET_POWER                               48F8      16      22       1   .text       
     RESET_MUX                                 490E       4       4       1   .text       
     RESET_PARAMS                              4912      29      41       1   .text       
     RESET_PARAMS11                            493B       D      13       0   .text       
     RESET_PARAMS12                            4948      1B      27       0   .text       
     RESET_PARAMS2                             4963      17      23       0   .text       
     RESET_PARAMS3                             497A       4       4       0   .text       
     RESET_INTERRUPTS                          497E       4       4       1   .text       
     PREPARE_SYSTEM                            4982       8       8       1   .text       
     PREPARE_SYSTEM1                           498A      1B      27       0   .text       
     VAR00003                                  49A5       7       7       0   .text       
- VARIABLES:
MODULE:                 -- s12c_Arithmetics.asm.o --
- PROCEDURES:
     MUL3216U                                  49AC      30      48       0   .text       
     DIV3216U                                  49DC       A      10       1   .text       
     DIV3216U1                                 49E6      18      24       0   .text       
     DIV3216U2                                 49FE       E      14       0   .text       
     DIV3216U8                                 4A0C       5       5       1   .text       
     DIV3216U9                                 4A11       1       1       1   .text       
     DIV3232U                                  4A12       F      15       1   .text       
     DIV3232U1                                 4A21       6       6       0   .text       
     DIV3232U2                                 4A27      50      80       0   .text       
     DIV3232U3                                 4A77       3       3       0   .text       
     DIV3232U4                                 4A7A      16      22       0   .text       
     DIV3232U5                                 4A90      3D      61       0   .text       
     DIV3232U6                                 4ACD      36      54       0   .text       
     DIV3232U7                                 4B03      18      24       1   .text       
     DIV3232U8                                 4B1B      14      20       1   .text       
     DIV3232U9                                 4B2F       1       1       2   .text       
- VARIABLES:
MODULE:                 -- s12c_CRC.asm.o --
- PROCEDURES:
     SWAP_A                                    4B30       B      11       6   .text       
     ROR_A                                     4B3B       8       8       1   .text       
     PARITY_A                                  4B43      21      33       1   .text       
     CRC8_DOW                                  4B64       A      10       2   .text       
     CRC8_DOW1                                 4B6E       6       6       0   .text       
     CRC8_DOW2                                 4B74       6       6       0   .text       
     CRC8_DOW3                                 4B7A       6       6       0   .text       
     CRC8_DOW4                                 4B80       6       6       0   .text       
     CRC8_DOW5                                 4B86       6       6       0   .text       
     CRC8_DOW6                                 4B8C       6       6       0   .text       
     CRC8_DOW7                                 4B92       6       6       0   .text       
     CRC8_DOW8                                 4B98       4       4       0   .text       
     CRC16_CCITT_FALSE                         4B9C      43      67       3   .text       
     CRC16_KERMIT                              4BDF      40      64       3   .text       
     CRC16_MAXIM                               4C1F      1C      28       3   .text       
     CRC16_MAXIM0                              4C3B      11      17       0   .text       
     CRC16_MAXIM1                              4C4C      17      23       0   .text       
     CRC16_MAXIM2                              4C63       1       1       0   .text       
     CRC16_XMODEM                              4C64      43      67       3   .text       
     CRC16_X25                                 4CA7      39      57       3   .text       
     CLEAR_0x00                                4CE0       0       0       1   .text       
     CLEAR_DOW                                 4CE0       6       6       0   .text       
     CLEAR_0x0000                              4CE6       0       0       3   .text       
     CLEAR_KERMIT                              4CE6       7       7       0   .text       
     CLEAR_MAXIM                               4CE6       0       0       0   .text       
     CLEAR_XMODEM                              4CE6       0       0       0   .text       
     CLEAR_0xFFFF                              4CED       0       0       2   .text       
     CLEAR_CCITT_FALSE                         4CED       7       7       0   .text       
     CLEAR_X25                                 4CED       0       0       0   .text       
     CREATE_DOW                                4CF4       3       3       0   .text       
     CREATE_DOW1                               4CF7      11      17       0   .text       
     VERIFY_DOW                                4D08       D      13       0   .text       
     VERIFY_DOW9                               4D15       1       1       0   .text       
     CREATE_CCITT_FALSE                        4D16       3       3       0   .text       
     CREATE_CCITT_FALSE1                       4D19      17      23       0   .text       
     VERIFY_CCITT_FALSE                        4D30      15      21       0   .text       
     VERIFY_CCITT_FALSE8                       4D45       1       1       0   .text       
     VERIFY_CCITT_FALSE9                       4D46       1       1       0   .text       
     CREATE_KERMIT                             4D47       3       3       6   .text       
     CREATE_KERMIT1                            4D4A      17      23       0   .text       
     VERIFY_KERMIT                             4D61      15      21       2   .text       
     VERIFY_KERMIT8                            4D76       1       1       0   .text       
     VERIFY_KERMIT9                            4D77       1       1       0   .text       
     CREATE_MAXIM                              4D78       3       3       0   .text       
     CREATE_MAXIM1                             4D7B      1B      27       0   .text       
     VERIFY_MAXIM                              4D96      18      24       0   .text       
     VERIFY_MAXIM8                             4DAE       1       1       0   .text       
     VERIFY_MAXIM9                             4DAF       1       1       0   .text       
     CREATE_XMODEM                             4DB0       3       3       0   .text       
     CREATE_XMODEM1                            4DB3      17      23       0   .text       
     VERIFY_XMODEM                             4DCA      15      21       0   .text       
     VERIFY_XMODEM8                            4DDF       1       1       0   .text       
     VERIFY_XMODEM9                            4DE0       1       1       0   .text       
     CREATE_X25                                4DE1       3       3       0   .text       
     CREATE_X25_1                              4DE4      1B      27       0   .text       
     VERIFY_X25                                4DFF      18      24       0   .text       
     VERIFY_X25_8                              4E17       1       1       0   .text       
     VERIFY_X25_9                              4E18       1       1       0   .text       
- VARIABLES:
MODULE:                 -- s12c_MSCAN.asm.o --
- PROCEDURES:
     CAN0_TX_INT                               4E19      15      21       0   .text       
     CAN0_TX_INT1                              4E2E       C      12       0   .text       
     CAN0_TX_INT2                              4E3A       A      10       0   .text       
     CAN0_TX_INT3                              4E44       8       8       0   .text       
     CAN0_TX_INT4                              4E4C      38      56       0   .text       
     CAN0_TX_INT5                              4E84       8       8       0   .text       
     CAN0_TX_INT6                              4E8C      1C      28       0   .text       
     CAN0_TX_INT9                              4EA8       5       5       1   .text       
     CAN0_RX_INT                               4EAD       D      13       0   .text       
     CAN0_RX_INT1                              4EBA      10      16       0   .text       
     CAN0_RX_INT2                              4ECA       A      10       0   .text       
     CAN0_RX_INT3                              4ED4      1D      29       0   .text       
     CAN0_RX_INT4                              4EF1       8       8       0   .text       
     CAN0_RX_INT5                              4EF9      13      19       0   .text       
     CAN0_RX_INT9                              4F0C       A      10       1   .text       
     CAN_CONFIG                                4F16      2B      43       1   .text       
     CAN_CONFIG1a                              4F41       4       4       0   .text       
     CAN_CONFIG1b                              4F45      10      16       0   .text       
     CAN_CONFIG2a                              4F55       4       4       0   .text       
     CAN_CONFIG2b                              4F59      10      16       0   .text       
     CAN_CONFIG3a                              4F69       4       4       0   .text       
     CAN_CONFIG3b                              4F6D      10      16       0   .text       
     CAN_CONFIG4a                              4F7D       4       4       0   .text       
     CAN_CONFIG4b                              4F81      10      16       0   .text       
     CAN_CONFIG5a                              4F91       4       4       0   .text       
     CAN_CONFIG5b                              4F95      10      16       0   .text       
     CAN_CONFIG6a                              4FA5       4       4       0   .text       
     CAN_CONFIG6b                              4FA9      10      16       0   .text       
     CAN_CONFIG7a                              4FB9       4       4       0   .text       
     CAN_CONFIG7b                              4FBD      10      16       0   .text       
     CAN_CONFIG8a                              4FCD       4       4       0   .text       
     CAN_CONFIG8b                              4FD1       7       7       0   .text       
     CAN_DESCRIPTORS                           4FD8      16      22       1   .text       
     CAN_DESCRIPTORS1                          4FEE       8       8       0   .text       
     CAN_STOP                                  4FF6      12      18       1   .text       
     CAN_STOP1                                 5008       8       8       0   .text       
     CAN_STOP2                                 5010       8       8       0   .text       
     CAN_STOP3                                 5018       1       1       0   .text       
     CAN_STOP9                                 5019       1       1       1   .text       
     CAN_START                                 501A      12      18       1   .text       
     CAN_START1                                502C       C      12       0   .text       
     CAN_START2                                5038       8       8       0   .text       
     CAN_START3                                5040      2B      43       0   .text       
     CAN_START9                                506B       1       1       1   .text       
     CAN_RESET                                 506C      11      17       2   .text       
     CAN_RESET1                                507D       E      14       0   .text       
     CAN_RESET9                                508B       1       1       1   .text       
     CAN_STATUS                                508C      11      17       1   .text       
     CAN_STATUS1                               509D      19      25       0   .text       
     CAN_STATUS9                               50B6       1       1       1   .text       
     CAN_READ                                  50B7      11      17       1   .text       
     CAN_READ1                                 50C8       C      12       0   .text       
     CAN_READ2                                 50D4       E      14       0   .text       
     CAN_READ3                                 50E2      28      40       0   .text       
     CAN_READ4                                 510A      1C      28       0   .text       
     CAN_READ5                                 5126      13      19       0   .text       
     CAN_READ6                                 5139      26      38       0   .text       
     CAN_READ8                                 515F       1       1       0   .text       
     CAN_READ9                                 5160       1       1       4   .text       
     CAN_WRITE                                 5161      11      17       4   .text       
     CAN_WRITE1                                5172       C      12       0   .text       
     CAN_WRITE2                                517E      2A      42       0   .text       
     CAN_WRITE3                                51A8      10      16       0   .text       
     CAN_WRITE4                                51B8       7       7       0   .text       
     CAN_WRITE5                                51BF       8       8       0   .text       
     CAN_WRITE6                                51C7      16      22       0   .text       
     CAN_WRITE8                                51DD       C      12       1   .text       
     CAN_WRITE9                                51E9       1       1       4   .text       
     CAN_REQUEST                               51EA      11      17       0   .text       
     CAN_REQUEST1                              51FB       C      12       0   .text       
     CAN_REQUEST2                              5207      28      40       0   .text       
     CAN_REQUEST3                              522F      22      34       0   .text       
     CAN_REQUEST9                              5251       1       1       2   .text       
     VAR00020                                  5252       7       7       0   .text       
     VAR00021                                  5259       2       2       7   .text       
     VAR00022                                  525B       2       2       1   .text       
     VAR00023                                  525D       2       2       2   .text       
     VAR00024                                  525F       2       2       2   .text       
     VAR00025                                  5261       2       2       2   .text       
     VAR00026                                  5263       2       2       3   .text       
     VAR00027                                  5265       2       2       2   .text       
     VAR00028                                  5267       2       2       2   .text       
     VAR00029                                  5269       2       2       0   .text       
     VAR00030                                  526B       2       2       0   .text       
     VAR00031                                  526D       2       2       0   .text       
     VAR00032                                  526F       2       2       0   .text       
     VAR00033                                  5271       2       2       0   .text       
     VAR00034                                  5273       2       2       0   .text       
     VAR00035                                  5275       2       2       0   .text       
     VAR00036                                  5277       2       2       0   .text       
     VAR00037                                  5279       2       2       0   .text       
     VAR00038                                  527B       2       2       0   .text       
     VAR00039                                  527D       2       2       0   .text       
     VAR00040                                  527F       2       2       0   .text       
     VAR00041                                  5281       2       2       0   .text       
     VAR00042                                  5283       2       2       0   .text       
     VAR00043                                  5285       2       2       0   .text       
     VAR00044                                  5287       2       2       2   .text       
     VAR00045                                  5289       2       2       0   .text       
     VAR00046                                  528B       2       2       0   .text       
     VAR00047                                  528D       2       2       0   .text       
     VAR00048                                  528F       2       2       0   .text       
     VAR00049                                  5291       2       2       0   .text       
     VAR00050                                  5293       2       2       0   .text       
     VAR00051                                  5295       2       2       0   .text       
     VAR00052                                  5297       2       2       0   .text       
     VAR00053                                  5299       2       2       0   .text       
     VAR00054                                  529B       2       2       0   .text       
     VAR00055                                  529D       2       2       0   .text       
     VAR00056                                  529F       2       2       0   .text       
     VAR00057                                  52A1       2       2       0   .text       
     VAR00058                                  52A3       2       2       0   .text       
     VAR00059                                  52A5       2       2       0   .text       
     VAR00060                                  52A7       2       2       1   .text       
     VAR00061                                  52A9       2       2       0   .text       
     VAR00062                                  52AB       2       2       0   .text       
     VAR00063                                  52AD       2       2       0   .text       
     VAR00064                                  52AF       2       2       0   .text       
     VAR00065                                  52B1       2       2       0   .text       
     VAR00066                                  52B3       2       2       0   .text       
     VAR00067                                  52B5       2       2       0   .text       
     VAR00068                                  52B7       2       2       1   .text       
     VAR00069                                  52B9       2       2       0   .text       
     VAR00070                                  52BB       2       2       0   .text       
     VAR00071                                  52BD       2       2       0   .text       
     VAR00072                                  52BF       2       2       0   .text       
     VAR00073                                  52C1       2       2       0   .text       
     VAR00074                                  52C3       2       2       0   .text       
     VAR00075                                  52C5       2       2       0   .text       
- VARIABLES:
     VAR00001                                  1800       1       1       9   .locals     
     VAR00002                                  1801       1       1       9   .locals     
     VAR00003                                  1802       2       2       3   .locals     
     VAR00004                                  1804       2       2       1   .locals     
     VAR00005                                  1806       2       2       1   .locals     
     VAR00006                                  1808       2       2       1   .locals     
     VAR00007                                  180A       2       2       1   .locals     
     VAR00008                                  180C       2       2       1   .locals     
     VAR00009                                  180E       2       2       1   .locals     
     VAR00010                                  1810       2       2       1   .locals     
     VAR00011                                  1812       8       8       3   .locals     
     VAR00012                                  181A       8       8       1   .locals     
     VAR00013                                  1822       8       8       1   .locals     
     VAR00014                                  182A       8       8       1   .locals     
     VAR00015                                  1832       8       8       1   .locals     
     VAR00016                                  183A       8       8       1   .locals     
     VAR00017                                  1842       8       8       1   .locals     
     VAR00018                                  184A       8       8       1   .locals     
     VAR00019                                  1852       1       1       3   .locals     
- LABELS:
     _CAN_TXOK                                    1       0       0       1   .text       
     _CAN_RXOK                                    2       0       0       1   .text       
     _CAN_TXSTAT                                  C       0       0       2   .text       
     _CAN_RXSTAT                                 30       0       0       2   .text       
     E_CAN_NO_DATA                           FFFFFB       0       0       0   .text       
     E_CAN_LENGTH                            FFFFFC       0       0       0   .text       
     E_CAN_MESSAGE                           FFFFFD       0       0       0   .text       
     E_CAN_INDEX                             FFFFFE       0       0       0   .text       
     E_CAN_TIMEOUT                           FFFFFF       0       0       0   .text       
MODULE:                 -- s12c_LINMaster.asm.o --
- PROCEDURES:
     LIN_INT                                   52C7      16      22       0   .text       
     LIN_INT9                                  52DD       1       1       0   .text       
     CHECK_READBACK                            52DE       F      15       1   .text       
     CHECK_READBACK1                           52ED       B      11       0   .text       
     CHECK_READBACK2                           52F8       4       4       0   .text       
     CHECK_READBACK9                           52FC       1       1       0   .text       
     TRANSMIT_BYTE                             52FD       9       9       5   .text       
     TRANSMIT_BYTE1                            5306       D      13       0   .text       
     TRANSMIT_BYTE2                            5313       9       9       0   .text       
     TRANSMIT_BYTE9                            531C       1       1       0   .text       
     RECEIVE_BYTE                              531D       8       8       1   .text       
     RECEIVE_BYTE1                             5325       A      10       0   .text       
     RECEIVE_BYTE2                             532F       4       4       0   .text       
     RECEIVE_BYTE9                             5333       1       1       0   .text       
     TRANSMIT_DATA                             5334      21      33       1   .text       
     TRANSMIT_DATA1                            5355       2       2       0   .text       
     TRANSMIT_DATA2                            5357      12      18       0   .text       
     TRANSMIT_DATA3                            5369       4       4       0   .text       
     TRANSMIT_DATA9                            536D       1       1       0   .text       
     RECEIVE_DATA                              536E      26      38       1   .text       
     RECEIVE_DATA1                             5394       2       2       0   .text       
     RECEIVE_DATA2                             5396       F      15       0   .text       
     RECEIVE_DATA3                             53A5       8       8       0   .text       
     RECEIVE_DATA4                             53AD       4       4       0   .text       
     RECEIVE_DATA9                             53B1       1       1       0   .text       
     FRAME_HANDLE                              53B2      16      22       3   .text       
     FRAME_HANDLE1                             53C8      16      22       0   .text       
     FRAME_HANDLE2                             53DE      11      17       0   .text       
     FRAME_HANDLE3                             53EF       A      10       0   .text       
     FRAME_HANDLE4                             53F9       3       3       0   .text       
     FRAME_HANDLE9                             53FC       1       1       0   .text       
     LIN_RESET                                 53FD       8       8       1   .text       
     LIN_RESET1                                5405      2B      43       0   .text       
     LIN_STATUS                                5430       B      11       1   .text       
     LIN_CREATE_PARITY                         543B      37      55       1   .text       
     LIN_CREATE_PARITY1                        5472       7       7       0   .text       
     LIN_CREATE_PARITY2                        5479       4       4       0   .text       
     BREAK                                     547D       E      14       1   .text       
     BREAK1                                    548B      11      17       0   .text       
     BREAK2                                    549C       9       9       0   .text       
     BREAK3                                    54A5       7       7       0   .text       
     BREAK9                                    54AC       1       1       0   .text       
     PREPARE_FRAME                             54AD       C      12       2   .text       
     PREPARE_FRAME1                            54B9       9       9       0   .text       
     PREPARE_FRAME2                            54C2      14      20       0   .text       
     PREPARE_FRAME3                            54D6       9       9       0   .text       
     PREPARE_FRAME4                            54DF       4       4       0   .text       
     PREPARE_FRAME5                            54E3      26      38       0   .text       
     PREPARE_FRAME9                            5509       1       1       0   .text       
     LIN_READ                                  550A       9       9       1   .text       
     LIN_READ1                                 5513       F      15       0   .text       
     LIN_READ2                                 5522       6       6       0   .text       
     LIN_READ3                                 5528       6       6       0   .text       
     LIN_READ4                                 552E      17      23       0   .text       
     LIN_READ5                                 5545       5       5       0   .text       
     LIN_READ9                                 554A       1       1       0   .text       
     LIN_WRITE                                 554B       B      11       1   .text       
     LIN_WRITE1                                5556      15      21       0   .text       
     LIN_WRITE9                                556B       1       1       0   .text       
     LIN_REQUEST                               556C      11      17       1   .text       
     LIN_REQUEST9                              557D       1       1       0   .text       
     VAR00002                                  557E       7       7       0   .text       
- VARIABLES:
     LIN_FLAGS                                 1853       1       1      27   .locals     
     FRAME_STATE                               1854       1       1      23   .locals     
     LIN_SYNCRATE                              1855       2       2       2   .locals     
     LIN_BAUDRATE                              1857       2       2       2   .locals     
     LIN_MESSAGE_ID                            1859       1       1       3   .locals     
     LIN_DATA_BUF                              185A       8       8       3   .locals     
     VAR00001                                  1862       1       1       7   .locals     
     LIN_DATA_CTR                              1863       1       1       3   .locals     
     pLIN_DATA                                 1865       2       2       5   .locals     
     LIN_READ_CNT                              1867       1       1       5   .locals     
     LIN_READBACK                              1868       1       1       2   .locals     
- LABELS:
     E_LIN_OVERRUN                           FFFFFA       0       0       0   .text       
     E_LIN_NO_DATA                           FFFFFB       0       0       0   .text       
     E_LIN_LENGTH                            FFFFFC       0       0       0   .text       
     E_LIN_INVALID_ID                        FFFFFD       0       0       0   .text       
     E_LIN_BUSY                              FFFFFF       0       0       0   .text       
MODULE:                 -- tg3LIN.asm.o --
- PROCEDURES:
     LIN_START                                 C000       8       8       1   .text_C000  
     LIN_START1                                C008      24      36       0   .text_C000  
     BEFORE_WRITE                              C02C      11      17       1   .text_C000  
     BEFORE_WRITE1                             C03D      18      24       0   .text_C000  
     BEFORE_WRITE2                             C055       C      12       0   .text_C000  
     BEFORE_WRITE21                            C061      21      33       0   .text_C000  
     BEFORE_WRITE9                             C082       1       1       0   .text_C000  
     BEFORE_WRITE3                             C082       0       0       0   .text_C000  
     AFTER_READ                                C083      27      39       1   .text_C000  
     AFTER_READ1                               C0AA      1F      31       0   .text_C000  
     AFTER_READ1a                              C0C9       5       5       0   .text_C000  
     AFTER_READ2                               C0CE       D      13       0   .text_C000  
     AFTER_READ9                               C0DB       6       6       0   .text_C000  
     NEXT_FRAME                                C0E1      15      21       1   .text_C000  
     NEXT_FRAME0                               C0F6      11      17       0   .text_C000  
     NEXT_FRAME1                               C107      3B      59       0   .text_C000  
     NEXT_FRAME1a                              C142      1F      31       0   .text_C000  
     NEXT_FRAME1b                              C161      10      16       0   .text_C000  
     NEXT_FRAME2                               C171       4       4       0   .text_C000  
     NEXT_FRAME3                               C175      1F      31       0   .text_C000  
     NEXT_FRAME4                               C194       5       5       0   .text_C000  
     NEXT_FRAME5                               C199      14      20       0   .text_C000  
     NEXT_FRAME6                               C1AD      17      23       0   .text_C000  
     NEXT_FRAME8                               C1C4       3       3       0   .text_C000  
     NEXT_FRAME9                               C1C7       1       1       0   .text_C000  
     LIN_RUN                                   C1C8      14      20       1   .text_C000  
     LIN_RUN0                                  C1DC       E      14       0   .text_C000  
     LIN_RUN0a                                 C1EA       E      14       0   .text_C000  
     LIN_RUN0b                                 C1F8      11      17       0   .text_C000  
     LIN_RUN0c                                 C209       4       4       0   .text_C000  
     LIN_RUN1                                  C20D      17      23       0   .text_C000  
     LIN_RUN1a                                 C224      17      23       0   .text_C000  
     LIN_RUN1b                                 C23B      17      23       0   .text_C000  
     LIN_RUN1c                                 C252      1B      27       0   .text_C000  
     LIN_RUN1d                                 C26D      22      34       0   .text_C000  
     LIN_RUN1z                                 C28F       D      13       0   .text_C000  
     LIN_RUN2                                  C29C      17      23       0   .text_C000  
     LIN_RUN3                                  C2B3       B      11       0   .text_C000  
     LIN_RUN4                                  C2BE       3       3       0   .text_C000  
     LIN_RUN9                                  C2C1       1       1       1   .text_C000  
     VAR00378                                  C2C2       7       7       0   .text_C000  
- VARIABLES:
     VAR00001                                  F0B5       3       3       1   .roData     
     VAR00002                                  F0B8       2       2       0   .roData     
     VAR00003                                  F0BA       1       1       0   .roData     
     VAR00004                                  F0BB       3       3       0   .roData     
     VAR00005                                  F0BE       2       2       0   .roData     
     VAR00006                                  F0C0       1       1       0   .roData     
     VAR00007                                  F0C1       3       3       0   .roData     
     VAR00008                                  F0C4       2       2       0   .roData     
     VAR00009                                  F0C6       4       4       0   .roData     
     VAR00010                                  F0CA       3       3       0   .roData     
     VAR00011                                  F0CD       2       2       0   .roData     
     VAR00012                                  F0CF       2       2       0   .roData     
     VAR00013                                  F0D1       3       3       0   .roData     
     VAR00014                                  F0D4       2       2       0   .roData     
     INIT_RX1                                  F0D6       3       3       0   .roData     
     VAR00015                                  F0D9       2       2       0   .roData     
     VAR00016                                  F0DB       1       1       0   .roData     
     VAR00017                                  F0DC       3       3       0   .roData     
     VAR00018                                  F0DF       2       2       0   .roData     
     VAR00019                                  F0E1       1       1       0   .roData     
     VAR00020                                  F0E2       3       3       0   .roData     
     VAR00021                                  F0E5       2       2       0   .roData     
     VAR00022                                  F0E7       4       4       0   .roData     
     VAR00023                                  F0EB       3       3       0   .roData     
     VAR00024                                  F0EE       2       2       0   .roData     
     VAR00025                                  F0F0       2       2       0   .roData     
     VAR00026                                  F0F2       3       3       0   .roData     
     VAR00027                                  F0F5       2       2       0   .roData     
     INIT_TX2                                  F0F7       3       3       0   .roData     
     VAR00028                                  F0FA       2       2       0   .roData     
     VAR00029                                  F0FC       1       1       0   .roData     
     VAR00030                                  F0FD       3       3       0   .roData     
     VAR00031                                  F100       2       2       0   .roData     
     VAR00032                                  F102       1       1       0   .roData     
     VAR00033                                  F103       3       3       0   .roData     
     VAR00034                                  F106       2       2       0   .roData     
     VAR00035                                  F108       4       4       0   .roData     
     VAR00036                                  F10C       3       3       0   .roData     
     VAR00037                                  F10F       2       2       0   .roData     
     VAR00038                                  F111       2       2       0   .roData     
     VAR00039                                  F113       3       3       0   .roData     
     VAR00040                                  F116       2       2       0   .roData     
     INIT_RX2                                  F118       3       3       0   .roData     
     VAR00041                                  F11B       2       2       0   .roData     
     VAR00042                                  F11D       1       1       0   .roData     
     VAR00043                                  F11E       3       3       0   .roData     
     VAR00044                                  F121       2       2       0   .roData     
     VAR00045                                  F123       1       1       0   .roData     
     VAR00046                                  F124       3       3       0   .roData     
     VAR00047                                  F127       2       2       0   .roData     
     VAR00048                                  F129       4       4       0   .roData     
     VAR00049                                  F12D       3       3       0   .roData     
     VAR00050                                  F130       2       2       0   .roData     
     VAR00051                                  F132       2       2       0   .roData     
     VAR00052                                  F134       3       3       0   .roData     
     VAR00053                                  F137       2       2       0   .roData     
     INIT_TX3                                  F139       3       3       0   .roData     
     VAR00054                                  F13C       2       2       0   .roData     
     VAR00055                                  F13E       1       1       0   .roData     
     VAR00056                                  F13F       3       3       0   .roData     
     VAR00057                                  F142       2       2       0   .roData     
     VAR00058                                  F144       1       1       0   .roData     
     VAR00059                                  F145       3       3       0   .roData     
     VAR00060                                  F148       2       2       0   .roData     
     VAR00061                                  F14A       4       4       0   .roData     
     VAR00062                                  F14E       3       3       0   .roData     
     VAR00063                                  F151       2       2       0   .roData     
     VAR00064                                  F153       2       2       0   .roData     
     VAR00065                                  F155       3       3       0   .roData     
     VAR00066                                  F158       2       2       0   .roData     
     INIT_RX3                                  F15A       3       3       0   .roData     
     VAR00067                                  F15D       2       2       0   .roData     
     VAR00068                                  F15F       1       1       0   .roData     
     VAR00069                                  F160       3       3       0   .roData     
     VAR00070                                  F163       2       2       0   .roData     
     VAR00071                                  F165       1       1       0   .roData     
     VAR00072                                  F166       3       3       0   .roData     
     VAR00073                                  F169       2       2       0   .roData     
     VAR00074                                  F16B       4       4       0   .roData     
     VAR00075                                  F16F       3       3       0   .roData     
     VAR00076                                  F172       2       2       0   .roData     
     VAR00077                                  F174       2       2       0   .roData     
     VAR00078                                  F176       3       3       0   .roData     
     VAR00079                                  F179       2       2       0   .roData     
     INIT_TX4                                  F17B       3       3       0   .roData     
     VAR00080                                  F17E       2       2       0   .roData     
     VAR00081                                  F180       1       1       0   .roData     
     VAR00082                                  F181       3       3       0   .roData     
     VAR00083                                  F184       2       2       0   .roData     
     VAR00084                                  F186       1       1       0   .roData     
     VAR00085                                  F187       3       3       0   .roData     
[...]
SUBMIT_COMMAND            USES SWRITE 
SEND_DATA                 USES SWRITE 
RECEIVE_DATA              USES SREAD 
SDT_READ_CONFIG           USES SUBMIT_COMMAND RECEIVE_DATA 
SDT_READ_VALUE            USES SUBMIT_COMMAND RECEIVE_DATA 
SDT_WRITE_CONFIG          USES SUBMIT_COMMAND SEND_DATA 
SCALE                     USES SCALE_ANALOG 
SCALE_ANALOG              USES ANALOG_BUF ANALOG_RESULT_BUF E_ANALOG_COEFF_TBL 
                                ANALOG_S1_BUF 
SCALE_ANALOG1             USES MEAN16 
INPUT                     USES GET_ANALOG_VALUES GET_SENSOR_VALUES 
GET_ANALOG_VALUES1        USES ANALOG_FLAGS _ADC_ERROR GET_ANALOG_VALUES9 
GET_ANALOG_VALUES3        USES ANALOG_BUF 
GET_SENSOR_VALUES         USES SDT_READ_VALUE UNIT_TEMPERATURE 
MEAN16                    USES MEAN16_9 
FTS_RESET                 USES FTS_SECTOR_BUF 
FTS_RESET1                USES FTS_CODE_BUF FTS_FLAGS 
FTS_WRITE8                USES FTS_COPY 
FTS_WRITE16               USES FTS_COPY 
FTS_COPY1                 USES FTS_FLAGS FTS_SECTOR_BUF 
FTS_COPY2                 USES FTS_SECTOR_ADDR FTS_FLAGS 
FTS_COPY3                 USES FTS_SECTOR_ADDR FTS_FLAGS FTS_FLASH 
FTS_COPY4                 USES FTS_SECTOR_BUF FTS_FLAGS 
FTS_COPY5                 USES FTS_FLASH 
FTS_FLASH                 USES FTS_FLAGS RAM_CODE FTS_CODE_BUF 
FTS_FLASH1                USES FTS_SECTOR_BUF FTS_SECTOR_ADDR FTS_FLAGS 
FTS_FLASH2                USES FTS_FLAGS 
FTS_FLASH3                USES FTS_CODE_BUF FTS_FLAGS 
FTS_FLASH8                USES FTS_RESET 
PWS_UPDATE                USES SWRITE 
OUTPUT                    USES ALARM_CTR_UPDATE UPDATE_LED 
ALARM_CTR_UPDATE          USES ALARM_CTR ALARM_CT ALARM_CTR_UPDATE2 
ALARM_CTR_UPDATE1         USES OUTPUT_FLAGS _ALARM_TOGGLE ALARM_CT 
ALARM_CTR_UPDATE2         USES ALARM_CTR 
UPDATE_LED                USES SCI_TX_STATUS ALARM DROP_ALARM E_FUN_MODE 
                                OUTPUT_FLAGS _ALARM_TOGGLE 
UPDATE_LED1               USES UPDATE_LED3 
COMLINE_RESET             USES CML_FLAGS 
COMLINE_RESET1            USES SCI_RESET 
COMLINE_TIMEOUTS          USES CML_FLAGS RX_TIMEOUT 
COMLINE_TIMEOUTS1         USES CML_FLAGS TX_TIMEOUT 
COMLINE_TIMEOUTS8         USES RX_TIMEOUT_CT RX_TIMEOUT TX_TIMEOUT_CT 
                                TX_TIMEOUT 
COMLINE_INPUT             USES SCI_READ8 RX_BUFFER CML_FLAGS COMLINE_INPUT3 
COMLINE_INPUT1            USES TX_BUFFER RX_BUFFER CML_FLAGS 
COMLINE_INPUT2            USES CML_FLAGS 
COMLINE_REACTION          USES CML_FLAGS COMLINE_REACTION3 
COMLINE_REACTION1         USES CMD_EXECUTE COMLINE_REACTION3 
COMLINE_REACTION2         USES CMD_DECODE 
CMD_DECODE                USES RX_BUFFER CML_FLAGS 
CMD_DECODE0               USES VAR00001 
CMD_DECODE1               USES TX_BUFFER SCI_WRITE8 
CMD_DECODE2               USES CML_FLAGS 
CMD_DECODE3               USES CML_FLAGS 
VAR00001                  USES NO_CMD 
VAR00002                  USES NO_CMD 
VAR00003                  USES C_CMD 
VAR00004                  USES D_CMD 
VAR00005                  USES E_CMD 
VAR00006                  USES NO_CMD 
VAR00007                  USES NO_CMD 
VAR00008                  USES NO_CMD 
VAR00009                  USES NO_CMD 
VAR00010                  USES NO_CMD 
VAR00011                  USES NO_CMD 
VAR00012                  USES NO_CMD 
VAR00013                  USES NO_CMD 
VAR00014                  USES NO_CMD 
VAR00015                  USES O_CMD 
VAR00016                  USES P_CMD 
VAR00017                  USES NO_CMD 
VAR00018                  USES R_CMD 
VAR00019                  USES S_CMD 
VAR00020                  USES NO_CMD 
VAR00021                  USES NO_CMD 
VAR00022                  USES V_CMD 
VAR00023                  USES W_CMD 
VAR00024                  USES NO_CMD 
VAR00025                  USES NO_CMD 
VAR00026                  USES NO_CMD 
NO_CMD                    USES CMD_DECODE3 
C_CMD                     USES SCI_TX_DISABLE CML_FLAGS CMD_DECODE3 
D_CMD                     USES CONFIG_TBL E_CONFIG_TBL CONFIG_TBL_CNT 
D_CMD1                    USES FTS_COPY 
D_CMD2                    USES FTS_FLASH E_CONFIG_TBL CONFIG_TBL_CNT 
                                CREATE_KERMIT E_CONFIG_CRC FTS_WRITE16 CMD_DECODE1 
E_CMD                     USES CMD_DECODE1 
O_CMD                     USES SCI_TX_ENABLE CML_FLAGS BUS_CLK 
O_CMD1                    USES VAR00027 IO_PTR IO_CTR CML_FLAGS CMD_DECODE2 
P_CMD                     USES IO_DATA_PTR IO_PTR IO_CTR CML_FLAGS CMD_DECODE1 
R_CMD                     USES IO_DATA_PTR IO_PTR IO_DATA_CTR IO_CTR CML_FLAGS 
                                CMD_DECODE1 
S_CMD                     USES IO_DATA_CTR IO_PTR IO_CTR CML_FLAGS CMD_DECODE1 
V_CMD                     USES E_CONFIG_TBL CONFIG_TBL_CNT CREATE_KERMIT 
                                E_CONFIG_CRC FTS_WRITE16 FTS_FLASH CMD_DECODE1 
W_CMD                     USES IO_DATA_PTR IO_PTR IO_DATA_CTR IO_CTR CML_FLAGS 
                                CMD_DECODE1 
CMD_EXECUTE               USES CML_FLAGS CMD_EXECUTE3 
CMD_EXECUTE1              USES PUT_DATA_HANDLE CMD_EXECUTE3 
CMD_EXECUTE2              USES GET_DATA_HANDLE 
CMD_EXECUTE3              USES CHK_CMD_STATUS 
PUT_DATA_HANDLE           USES CML_FLAGS PUT_DATA_HANDLE9 
PUT_DATA_HANDLE1          USES CML_FLAGS PUT_DATA_HANDLE9 
PUT_DATA_HANDLE2          USES IO_PTR TX_BUFFER SCI_WRITE8 CML_FLAGS 
                                TX_TIMEOUT_CT TX_TIMEOUT IO_CTR 
GET_DATA_HANDLE           USES CML_FLAGS GET_DATA_HANDLE9 
GET_DATA_HANDLE1          USES CML_FLAGS GET_DATA_HANDLE9 
GET_DATA_HANDLE2          USES IO_PTR B_EEPROM T_EEPROM RX_BUFFER FTS_WRITE8 
                                GET_DATA_HANDLE2d 
GET_DATA_HANDLE2a         USES IO_PTR B_RAM T_RAM RX_BUFFER GET_DATA_HANDLE2d 
GET_DATA_HANDLE2b         USES RX_BUFFER 
GET_DATA_HANDLE2d         USES IO_PTR RX_TIMEOUT_CT RX_TIMEOUT CML_FLAGS 
                                IO_CTR FTS_FLASH 
GET_DATA_HANDLE8          USES RX_BUFFER SCI_WRITE8 
CHK_CMD_STATUS            USES CML_FLAGS 
CHK_CMD_STATUS1           USES CML_FLAGS COMLINE_RESET 
SCI_INT                   USES TXSTEP TXICTR 
SCI_INT1                  USES TXSTEP 
SCI_INT2                  USES VAR00001 
VAR00001                  USES STEP0_TX 
VAR00002                  USES STEP1_TX 
VAR00003                  USES STEP2_TX 
VAR00004                  USES STEP3_TX 
VAR00005                  USES STEP4_TX 
VAR00006                  USES STEP5_TX 
VAR00007                  USES ERROR_TX 
STEP0_TX                  USES SCISR1 SCITDRH TXSHFTH TXICTR TXSTEP 
STEP1_TX                  USES TXPAR TXICTR SCICR1 TXBCTR 
STEP1_TX1                 USES TXBCTR 
STEP1_TX2                 USES TXSTEP 
STEP2_TX                  USES TXSHFTH 
STEP2_TX1                 USES TXPAR 
STEP2_TX2                 USES TXICTR TXBCTR SCICR1 TXSTEP 
STEP2_TX3                 USES TXSTEP 
STEP3_TX                  USES TXPAR SCICR1 
STEP3_TX3                 USES TXICTR TXSTEP 
STEP4_TX                  USES TXICTR TXSTEP 
STEP5_TX                  USES TXICTR TXBCTR SCISR1 TXSTEP 
ERROR_TX                  USES SCISR1 TXICTR TXBCTR TXSTEP 
SCI_INT3                  USES RXSTEP RXICTR 
SCI_INT4                  USES RXSTEP 
SCI_INT5                  USES VAR00008 
VAR00008                  USES STEP0_RX 
VAR00009                  USES STEP1_RX 
VAR00010                  USES STEP2_RX 
VAR00011                  USES STEP3_RX 
VAR00012                  USES STEP4_RX 
VAR00013                  USES ERROR_RX 
STEP0_RX                  USES RXICTR RXSTEP 
STEP1_RX                  USES RXICTR RXPAR SCICR1 RXBCTR 
STEP1_RX1                 USES RXBCTR 
STEP1_RX2                 USES RXSTEP 
STEP1_RX8                 USES RXSTEP 
STEP2_RX                  USES RXSHFTH RXPAR 
STEP2_RX2                 USES RXSHFTH RXICTR RXBCTR SCICR1 RXSTEP 
STEP2_RX3                 USES RXSTEP 
STEP3_RX2                 USES RXPAR SCICR1 
STEP3_RX3                 USES SCISR1 
STEP3_RX4                 USES SCISR1 
STEP3_RX5                 USES RXICTR RXSTEP 
STEP4_RX                  USES SCISR1 
STEP4_RX1                 USES SCISR1 
STEP4_RX2                 USES RXSHFTH SCICR1 
STEP4_RX3                 USES SCIRDRH RXICTR SCISR1 RXSTEP 
ERROR_RX                  USES SCISR1 RXICTR RXBCTR RXSTEP 
SCI_INT9                  USES SCIBD 
SCI_RESET                 USES TXSTEP 
SCI_RESET1                USES BD_9600x4_REL SCIBD SCICR1 SCICR2 SCISR1 
SCI_STATUS                USES SCISR1 
SCI_TX_DISABLE            USES SCICR2 
SCI_TX_ENABLE             USES SCICR2 
SCI_TX_STATUS             USES SCICR2 
SCI_READ8                 USES SCISR1 SCIRDRL 
SCI_WRITE8                USES BUS_CLK 
SCI_WRITE8_1              USES SCISR1 
SCI_WRITE8_2              USES SCITDRL SCISR1 
MUX_UPDATE1               USES VAR00001 
VAR00001                  USES MUX_STATE0 
VAR00002                  USES MUX_STATE1 
VAR00003                  USES MUX_STATE2 
VAR00004                  USES MUX_STATE3 
LIN_START                 USES LIN_FLAGS 
LIN_START1                USES SCHEDULE_FLAGS CLOCK_CTR ANTENNA_CTR 
                                BD_9600_REL LIN_RESET 
BEFORE_WRITE              USES ANTENNA_POS 
BEFORE_WRITE1             USES LIN_TX_POS 
BEFORE_WRITE2             USES TX_DATA0 
BEFORE_WRITE21            USES LIN_IDENTIFIER_TBL ANTENNA_POS TX_DATA0 
AFTER_READ                USES VAR00370 ANTENNA_POS ANTENNA_FLAGS RESPONSE_PTR 
                                SCHEDULE_PTR 
AFTER_READ1               USES LIN_STATUS RX_DATA0 SCHEDULE_PTR 
AFTER_READ1a              USES LIN_RX_BUF 
AFTER_READ2               USES LIN_TX_POS LIN_RX_POS 
AFTER_READ9               USES DELAY_CTR 
NEXT_FRAME                USES SCHEDULE_FLAGS VAR00370 ANTENNA_POS 
                                ANTENNA_FLAGS 
NEXT_FRAME0               USES SCHEDULE_PTR SCHEDULE_END SCHEDULE_FLAGS 
NEXT_FRAME1               USES SCHEDULE_FLAGS PWS_UPDATE VAR00370 
                                ANTENNA_FLAGS 
NEXT_FRAME1a              USES SCHEDULE_FLAGS VAR00370 ANTENNA_FLAGS DELAY_CTR 
NEXT_FRAME1b              USES PWS_UPDATE 
NEXT_FRAME3               USES MUX_UPDATE SCHEDULE_FLAGS RESPONSE_PTR 
NEXT_FRAME5               USES DELAY_CTR SCHEDULE_FLAGS 
NEXT_FRAME6               USES SCHEDULE_PTR SCHEDULE_FLAGS BEFORE_WRITE 
                                LIN_WRITE 
NEXT_FRAME8               USES LIN_REQUEST 
LIN_RUN                   USES TIME_CTR ANTENNA_CTR 
LIN_RUN0                  USES ANTENNA_CTR LIN_FLAGS 
LIN_RUN0a                 USES CLOCK_CTR LIN_RUN9 
LIN_RUN0b                 USES CLOCK_CTR SCHEDULE_FLAGS 
LIN_RUN1                  USES LIN_FLAGS VAR00001 SCHEDULE_PTR REQ_DIAG_TX1 
                                SCHEDULE_END 
LIN_RUN1a                 USES LIN_FLAGS REQ_DIAG_TX1 SCHEDULE_PTR VAR00138 
                                SCHEDULE_END 
LIN_RUN1b                 USES LIN_FLAGS VAR00346 SCHEDULE_PTR 
                                REQUEST_AUTOOFF_END SCHEDULE_END 
LIN_RUN1c                 USES LIN_FLAGS VAR00306 SCHEDULE_PTR VAR00346 
                                SCHEDULE_END 
LIN_RUN1d                 USES TIME_CTR LIN_TIME_CTR VAR00138 SCHEDULE_PTR 
                                VAR00306 SCHEDULE_END LIN_FLAGS 
LIN_RUN1z                 USES DELAY_CTR SCHEDULE_FLAGS 
LIN_RUN2                  USES SCHEDULE_FLAGS RESPONSE_PTR LIN_READ AFTER_READ 
LIN_RUN3                  USES DELAY_CTR 
LIN_RUN4                  USES NEXT_FRAME 
RAM_CODE                  USES C_FTS_FCLKDIV 
SUBMIT_COMMAND            USES BUS_CLK 
SUBMIT_COMMAND1           USES BUS_CLK 
SUBMIT_COMMAND11          USES BUS_CLK 
SUBMIT_COMMAND12          USES BUS_CLK 
VAR00028                  USES LIN_ID_FL 
VAR00029                  USES LIN_ID_FR 
VAR00030                  USES LIN_ID_RL 
VAR00031                  USES LIN_ID_RR 
VAR00032                  USES MSG_ID_FL 
VAR00033                  USES MSG_ID_FR 
VAR00034                  USES MSG_ID_RL 
VAR00035                  USES MSG_ID_RR 
VAR00036                  USES MSG_CTR_FL 
VAR00037                  USES MSG_CTR_FR 
VAR00038                  USES MSG_CTR_RL 
VAR00039                  USES MSG_CTR_RR 
VAR00040                  USES MSG_RX_BUF_FL 
VAR00041                  USES MSG_RX_BUF_FR 
VAR00042                  USES MSG_RX_BUF_RL 
VAR00043                  USES MSG_RX_BUF_RR 
VAR00002                  USES PWS_STATE 
VAR00005                  USES PWS_STATE 
VAR00008                  USES .roData 
VAR00011                  USES .roData 
VAR00014                  USES TX1_CONF 
VAR00015                  USES PWS_STATE 
VAR00018                  USES PWS_STATE 
VAR00021                  USES .roData 
VAR00024                  USES .roData 
VAR00027                  USES RX1_CONF 
VAR00028                  USES PWS_STATE 
VAR00031                  USES PWS_STATE 
VAR00034                  USES .roData 
VAR00037                  USES .roData 
VAR00040                  USES TX2_CONF 
VAR00041                  USES PWS_STATE 
VAR00044                  USES PWS_STATE 
VAR00047                  USES .roData 
VAR00050                  USES .roData 
VAR00053                  USES RX1_CONF 
VAR00054                  USES PWS_STATE 
VAR00057                  USES PWS_STATE 
VAR00060                  USES .roData 
VAR00063                  USES .roData 
VAR00066                  USES TX1_CONF 
VAR00067                  USES PWS_STATE 
VAR00070                  USES PWS_STATE 
VAR00073                  USES .roData 
VAR00076                  USES .roData 
VAR00079                  USES RX3_CONF 
VAR00080                  USES PWS_STATE 
VAR00083                  USES PWS_STATE 
VAR00086                  USES .roData 
VAR00089                  USES .roData 
VAR00092                  USES TX4_CONF 
VAR00093                  USES PWS_STATE 
VAR00096                  USES PWS_STATE 
VAR00099                  USES .roData 
VAR00102                  USES .roData 
VAR00105                  USES RX4_CONF 
VAR00106                  USES .roData 
VAR00109                  USES TX1_DIAG 
VAR00110                  USES .roData 
VAR00113                  USES RX1_DIAG 
VAR00114                  USES .roData 
VAR00117                  USES TX2_DIAG 
VAR00118                  USES .roData 
VAR00121                  USES RX2_DIAG 
VAR00122                  USES .roData 
VAR00125                  USES TX3_DIAG 
VAR00126                  USES .roData 
VAR00129                  USES RX3_DIAG 
VAR00130                  USES .roData 
VAR00133                  USES TX4_DIAG 
VAR00134                  USES .roData 
VAR00137                  USES RX4_DIAG 
VAR00139                  USES .roData 
VAR00142                  USES .roData 
VAR00145                  USES .roData 
VAR00148                  USES RX_DATA0 
VAR00150                  USES RX_DATA1 
VAR00152                  USES RX_DATA2 
VAR00154                  USES .roData 
VAR00157                  USES RX_DATA0 
VAR00159                  USES RX_DATA1 
VAR00161                  USES RX_DATA2 
VAR00163                  USES .roData 
VAR00166                  USES RX_DATA0 
VAR00168                  USES RX_DATA1 
VAR00170                  USES RX_DATA2 
VAR00172                  USES .roData 
VAR00175                  USES RX_DATA0 
VAR00177                  USES RX_DATA1 
VAR00179                  USES RX_DATA2 
VAR00181                  USES .roData 
VAR00184                  USES .roData 
VAR00187                  USES .roData 
VAR00190                  USES RX_DATA0 
VAR00192                  USES RX_DATA1 
VAR00194                  USES RX_DATA2 
VAR00196                  USES .roData 
VAR00199                  USES RX_DATA0 
VAR00201                  USES RX_DATA1 
VAR00203                  USES RX_DATA2 
VAR00205                  USES .roData 
VAR00208                  USES RX_DATA0 
VAR00210                  USES RX_DATA1 
VAR00212                  USES RX_DATA2 
VAR00214                  USES .roData 
VAR00217                  USES RX_DATA0 
VAR00219                  USES RX_DATA1 
VAR00221                  USES RX_DATA2 
VAR00223                  USES .roData 
VAR00226                  USES .roData 
VAR00229                  USES .roData 
VAR00232                  USES RX_DATA0 
VAR00234                  USES RX_DATA1 
VAR00236                  USES RX_DATA2 
VAR00238                  USES .roData 
VAR00241                  USES RX_DATA0 
VAR00243                  USES RX_DATA1 
VAR00245                  USES RX_DATA2 
VAR00247                  USES .roData 
VAR00250                  USES RX_DATA0 
VAR00252                  USES RX_DATA1 
VAR00254                  USES RX_DATA2 
VAR00256                  USES .roData 
VAR00259                  USES RX_DATA0 
VAR00261                  USES RX_DATA1 
VAR00263                  USES RX_DATA2 
VAR00265                  USES .roData 
VAR00268                  USES .roData 
VAR00271                  USES .roData 
VAR00274                  USES RX_DATA0 
VAR00276                  USES RX_DATA1 
VAR00278                  USES RX_DATA2 
VAR00280                  USES .roData 
VAR00283                  USES RX_DATA0 
VAR00285                  USES RX_DATA1 
VAR00287                  USES RX_DATA2 
VAR00289                  USES .roData 
VAR00292                  USES RX_DATA0 
VAR00294                  USES RX_DATA1 
VAR00296                  USES RX_DATA2 
VAR00298                  USES .roData 
VAR00301                  USES RX_DATA0 
VAR00303                  USES RX_DATA1 
VAR00305                  USES RX_DATA2 
VAR00307                  USES .roData 
VAR00310                  USES TX1_ADC 
VAR00312                  USES .roData 
VAR00315                  USES RX1_ADC 
VAR00317                  USES .roData 
VAR00320                  USES TX2_ADC 
VAR00322                  USES .roData 
VAR00325                  USES RX2_ADC 
VAR00327                  USES .roData 
VAR00330                  USES TX3_ADC 
VAR00332                  USES .roData 
VAR00335                  USES RX3_ADC 
VAR00337                  USES .roData 
VAR00340                  USES TX4_ADC 
VAR00342                  USES .roData 
VAR00345                  USES RX4_ADC 
VAR00347                  USES .roData 
VAR00350                  USES .roData 
VAR00353                  USES .roData 
VAR00356                  USES .roData 
VAR00359                  USES .roData 
VAR00362                  USES .roData 
VAR00365                  USES .roData 
VAR00368                  USES .roData 

*********************************************************************************************
DEPENDENCY TREE
*********************************************************************************************
 main and _Startup Group
 | 
 +- SYS_START           
      
 CAN0_TX_INT         
 | 
 +- CAN0_TX_INT9        
      
 CAN0_RX_INT         
   
 LIN_INT             
 | 
 +- CHECK_READBACK      
 |    
 +- FRAME_HANDLE        
    | 
    +- TRANSMIT_BYTE       
         
 TICKER_INT          
   
 SCI_INT             
   
 NO_CODE_TRAP        
 | 
 +- SYS_START            (see above)
    
 RESET_INT           
 | 
 +- SYS_START            (see above)
    
*********************************************************************************************
STATISTIC SECTION
---------------------------------------------------------------------------------------------

ExeFile:
--------
Number of blocks to be downloaded: 6
Total size of all blocks to be downloaded: 10392

